Component: Arm Compiler for Embedded 6.18 Tool: armlink [5e4cc100]

==============================================================================

Section Cross References

    startup_gd32f30x_xd.o(RESET) refers to startup_gd32f30x_xd.o(STACK) for __initial_sp
    startup_gd32f30x_xd.o(RESET) refers to startup_gd32f30x_xd.o(.text) for Reset_Handler
    startup_gd32f30x_xd.o(RESET) refers to gd32f30x_it.o(.text.NMI_Handler) for NMI_Handler
    startup_gd32f30x_xd.o(RESET) refers to gd32f30x_it.o(.text.HardFault_Handler) for HardFault_Handler
    startup_gd32f30x_xd.o(RESET) refers to gd32f30x_it.o(.text.MemManage_Handler) for MemManage_Handler
    startup_gd32f30x_xd.o(RESET) refers to gd32f30x_it.o(.text.BusFault_Handler) for BusFault_Handler
    startup_gd32f30x_xd.o(RESET) refers to gd32f30x_it.o(.text.UsageFault_Handler) for UsageFault_Handler
    startup_gd32f30x_xd.o(RESET) refers to gd32f30x_it.o(.text.SVC_Handler) for SVC_Handler
    startup_gd32f30x_xd.o(RESET) refers to gd32f30x_it.o(.text.DebugMon_Handler) for DebugMon_Handler
    startup_gd32f30x_xd.o(RESET) refers to gd32f30x_it.o(.text.PendSV_Handler) for PendSV_Handler
    startup_gd32f30x_xd.o(RESET) refers to gd32f30x_it.o(.text.SysTick_Handler) for SysTick_Handler
    startup_gd32f30x_xd.o(RESET) refers to gd32f30x_it.o(.text.USART0_IRQHandler) for USART0_IRQHandler
    startup_gd32f30x_xd.o(RESET) refers to gd32f30x_it.o(.text.USART1_IRQHandler) for USART1_IRQHandler
    startup_gd32f30x_xd.o(.text) refers to system_gd32f30x.o(.text.SystemInit) for SystemInit
    startup_gd32f30x_xd.o(.text) refers to entry.o(.ARM.Collect$$$$00000000) for __main
    system_gd32f30x.o(.ARM.exidx.text.SystemInit) refers to system_gd32f30x.o(.text.SystemInit) for [Anonymous Symbol]
    system_gd32f30x.o(.text.SystemCoreClockUpdate) refers to system_gd32f30x.o(.data.SystemCoreClock) for SystemCoreClock
    system_gd32f30x.o(.ARM.exidx.text.SystemCoreClockUpdate) refers to system_gd32f30x.o(.text.SystemCoreClockUpdate) for [Anonymous Symbol]
    gd32f30x_gpio.o(.text.gpio_deinit) refers to gd32f30x_rcu.o(.text.rcu_periph_reset_enable) for rcu_periph_reset_enable
    gd32f30x_gpio.o(.text.gpio_deinit) refers to gd32f30x_rcu.o(.text.rcu_periph_reset_disable) for rcu_periph_reset_disable
    gd32f30x_gpio.o(.ARM.exidx.text.gpio_deinit) refers to gd32f30x_gpio.o(.text.gpio_deinit) for [Anonymous Symbol]
    gd32f30x_gpio.o(.text.gpio_afio_deinit) refers to gd32f30x_rcu.o(.text.rcu_periph_reset_enable) for rcu_periph_reset_enable
    gd32f30x_gpio.o(.text.gpio_afio_deinit) refers to gd32f30x_rcu.o(.text.rcu_periph_reset_disable) for rcu_periph_reset_disable
    gd32f30x_gpio.o(.ARM.exidx.text.gpio_afio_deinit) refers to gd32f30x_gpio.o(.text.gpio_afio_deinit) for [Anonymous Symbol]
    gd32f30x_gpio.o(.ARM.exidx.text.gpio_init) refers to gd32f30x_gpio.o(.text.gpio_init) for [Anonymous Symbol]
    gd32f30x_gpio.o(.ARM.exidx.text.gpio_bit_set) refers to gd32f30x_gpio.o(.text.gpio_bit_set) for [Anonymous Symbol]
    gd32f30x_gpio.o(.ARM.exidx.text.gpio_bit_reset) refers to gd32f30x_gpio.o(.text.gpio_bit_reset) for [Anonymous Symbol]
    gd32f30x_gpio.o(.ARM.exidx.text.gpio_bit_write) refers to gd32f30x_gpio.o(.text.gpio_bit_write) for [Anonymous Symbol]
    gd32f30x_gpio.o(.ARM.exidx.text.gpio_port_write) refers to gd32f30x_gpio.o(.text.gpio_port_write) for [Anonymous Symbol]
    gd32f30x_gpio.o(.ARM.exidx.text.gpio_input_bit_get) refers to gd32f30x_gpio.o(.text.gpio_input_bit_get) for [Anonymous Symbol]
    gd32f30x_gpio.o(.ARM.exidx.text.gpio_input_port_get) refers to gd32f30x_gpio.o(.text.gpio_input_port_get) for [Anonymous Symbol]
    gd32f30x_gpio.o(.ARM.exidx.text.gpio_output_bit_get) refers to gd32f30x_gpio.o(.text.gpio_output_bit_get) for [Anonymous Symbol]
    gd32f30x_gpio.o(.ARM.exidx.text.gpio_output_port_get) refers to gd32f30x_gpio.o(.text.gpio_output_port_get) for [Anonymous Symbol]
    gd32f30x_gpio.o(.ARM.exidx.text.gpio_pin_remap_config) refers to gd32f30x_gpio.o(.text.gpio_pin_remap_config) for [Anonymous Symbol]
    gd32f30x_gpio.o(.ARM.exidx.text.gpio_exti_source_select) refers to gd32f30x_gpio.o(.text.gpio_exti_source_select) for [Anonymous Symbol]
    gd32f30x_gpio.o(.ARM.exidx.text.gpio_event_output_config) refers to gd32f30x_gpio.o(.text.gpio_event_output_config) for [Anonymous Symbol]
    gd32f30x_gpio.o(.ARM.exidx.text.gpio_event_output_enable) refers to gd32f30x_gpio.o(.text.gpio_event_output_enable) for [Anonymous Symbol]
    gd32f30x_gpio.o(.ARM.exidx.text.gpio_event_output_disable) refers to gd32f30x_gpio.o(.text.gpio_event_output_disable) for [Anonymous Symbol]
    gd32f30x_gpio.o(.ARM.exidx.text.gpio_pin_lock) refers to gd32f30x_gpio.o(.text.gpio_pin_lock) for [Anonymous Symbol]
    gd32f30x_gpio.o(.ARM.exidx.text.gpio_compensation_config) refers to gd32f30x_gpio.o(.text.gpio_compensation_config) for [Anonymous Symbol]
[...]
    [Anonymous Symbol]                       0x08002574   Section        0  main.o(.text.check_shrst_fmc)
    [Anonymous Symbol]                       0x08002714   Section        0  main.o(.text.check_sms)
    [Anonymous Symbol]                       0x080027a4   Section        0  main.o(.text.config_byserial)
    [Anonymous Symbol]                       0x08003118   Section        0  main.o(.text.config_modem)
    [Anonymous Symbol]                       0x080031f0   Section        0  main.o(.text.extractnum_clip)
    [Anonymous Symbol]                       0x080034c0   Section        0  main.o(.text.filter_cmt)
    [Anonymous Symbol]                       0x0800440c   Section        0  main.o(.text.fmc_backup)
    [Anonymous Symbol]                       0x08004464   Section        0  main.o(.text.fmc_erase_pages)
    [Anonymous Symbol]                       0x080044c8   Section        0  main.o(.text.fmc_erase_pages_check)
    [Anonymous Symbol]                       0x08004520   Section        0  gd32f30x_fmc.o(.text.fmc_flag_clear)
    [Anonymous Symbol]                       0x08004540   Section        0  gd32f30x_fmc.o(.text.fmc_lock)
    [Anonymous Symbol]                       0x0800456c   Section        0  gd32f30x_fmc.o(.text.fmc_page_erase)
    [Anonymous Symbol]                       0x08004744   Section        0  main.o(.text.fmc_program2)
    [Anonymous Symbol]                       0x080047d4   Section        0  main.o(.text.fmc_program3)
    [Anonymous Symbol]                       0x08004864   Section        0  gd32f30x_fmc.o(.text.fmc_unlock)
    [Anonymous Symbol]                       0x080048b4   Section        0  gd32f30x_fmc.o(.text.fmc_word_program)
    [Anonymous Symbol]                       0x08004a74   Section        0  main.o(.text.fota_fmc_erase_1page)
    [Anonymous Symbol]                       0x08004aec   Section        0  usart.o(.text.fputc)
    [Anonymous Symbol]                       0x08004b04   Section        0  gd32f30x_gpio.o(.text.gpio_bit_reset)
    [Anonymous Symbol]                       0x08004b08   Section        0  gd32f30x_gpio.o(.text.gpio_bit_set)
    [Anonymous Symbol]                       0x08004b0c   Section        0  gd32f30x_gpio.o(.text.gpio_init)
    [Anonymous Symbol]                       0x08004bc4   Section        0  gd32f30x_gpio.o(.text.gpio_input_bit_get)
    [Anonymous Symbol]                       0x08004bd0   Section        0  main.o(.text.main)
    [Anonymous Symbol]                       0x08005a0c   Section        0  main.o(.text.mfota_start)
    [Anonymous Symbol]                       0x08005d9c   Section        0  gd32f30x_misc.o(.text.nvic_irq_enable)
    [Anonymous Symbol]                       0x08005e44   Section        0  main.o(.text.process_mfota)
    [Anonymous Symbol]                       0x080061f4   Section        0  gd32f30x_rcu.o(.text.rcu_clock_freq_get)
    [Anonymous Symbol]                       0x080062e0   Section        0  gd32f30x_rcu.o(.text.rcu_periph_clock_enable)
    [Anonymous Symbol]                       0x08006300   Section        0  gd32f30x_rcu.o(.text.rcu_periph_reset_disable)
    [Anonymous Symbol]                       0x08006320   Section        0  gd32f30x_rcu.o(.text.rcu_periph_reset_enable)
    [Anonymous Symbol]                       0x08006340   Section        0  main.o(.text.reboot_by_calling)
    [Anonymous Symbol]                       0x08006470   Section        0  main.o(.text.send_sms)
    [Anonymous Symbol]                       0x08006538   Section        0  main.o(.text.send_sms_withsmsnum)
    [Anonymous Symbol]                       0x080065e8   Section        0  main.o(.text.send_smscmdmode)
    [Anonymous Symbol]                       0x080066a4   Section        0  main.o(.text.sim_flag1)
    [Anonymous Symbol]                       0x0800683c   Section        0  main.o(.text.sim_flag14)
    [Anonymous Symbol]                       0x08006b14   Section        0  main.o(.text.sim_flag2)
    [Anonymous Symbol]                       0x08006e90   Section        0  main.o(.text.sim_flag20)
    [Anonymous Symbol]                       0x080072f0   Section        0  main.o(.text.sim_flag21)
    [Anonymous Symbol]                       0x08007408   Section        0  main.o(.text.sim_flag23)
    [Anonymous Symbol]                       0x08007748   Section        0  main.o(.text.sim_flag25)
    [Anonymous Symbol]                       0x08007834   Section        0  main.o(.text.sim_flag27)
    [Anonymous Symbol]                       0x08007934   Section        0  main.o(.text.sim_flag28)
    [Anonymous Symbol]                       0x08007ac0   Section        0  main.o(.text.sim_flag3)
    [Anonymous Symbol]                       0x08007f80   Section        0  main.o(.text.sim_flag31)
    [Anonymous Symbol]                       0x08008100   Section        0  main.o(.text.sim_flag34)
    [Anonymous Symbol]                       0x080081e8   Section        0  main.o(.text.sim_flag4)
    [Anonymous Symbol]                       0x080084dc   Section        0  main.o(.text.sim_flag43)
    [Anonymous Symbol]                       0x080085f0   Section        0  main.o(.text.sim_flag44)
    [Anonymous Symbol]                       0x08008b1c   Section        0  main.o(.text.sim_flag7)
    [Anonymous Symbol]                       0x08008c00   Section        0  main.o(.text.strcmp_smsmsg)
    [Anonymous Symbol]                       0x08008ea0   Section        0  main.o(.text.tiktok)
    [Anonymous Symbol]                       0x08008ee0   Section        0  main.o(.text.timer1_config)
    [Anonymous Symbol]                       0x08008f5c   Section        0  gd32f30x_timer.o(.text.timer_auto_reload_shadow_enable)
    [Anonymous Symbol]                       0x08008f68   Section        0  gd32f30x_timer.o(.text.timer_channel_output_config)
    [Anonymous Symbol]                       0x08009170   Section        0  gd32f30x_timer.o(.text.timer_channel_output_mode_config)
    [Anonymous Symbol]                       0x080091ac   Section        0  gd32f30x_timer.o(.text.timer_channel_output_pulse_value_config)
    [Anonymous Symbol]                       0x080091b8   Section        0  gd32f30x_timer.o(.text.timer_channel_output_shadow_config)
    [Anonymous Symbol]                       0x080091f4   Section        0  main.o(.text.timer_config)
    [Anonymous Symbol]                       0x0800927c   Section        0  gd32f30x_timer.o(.text.timer_deinit)
    [Anonymous Symbol]                       0x0800933c   Section        0  gd32f30x_timer.o(.text.timer_enable)
    [Anonymous Symbol]                       0x08009348   Section        0  gd32f30x_timer.o(.text.timer_init)
    [Anonymous Symbol]                       0x080093fc   Section        0  gd32f30x_timer.o(.text.timer_input_capture_config)
    [Anonymous Symbol]                       0x08009558   Section        0  gd32f30x_timer.o(.text.timer_input_trigger_source_select)
    [Anonymous Symbol]                       0x08009568   Section        0  gd32f30x_timer.o(.text.timer_interrupt_enable)
    [Anonymous Symbol]                       0x08009570   Section        0  gd32f30x_timer.o(.text.timer_interrupt_flag_clear)
    [Anonymous Symbol]                       0x08009578   Section        0  gd32f30x_timer.o(.text.timer_primary_output_config)
    [Anonymous Symbol]                       0x0800958c   Section        0  gd32f30x_timer.o(.text.timer_slave_mode_select)
    [Anonymous Symbol]                       0x0800959c   Section        0  gd32f30x_timer.o(.text.timer_struct_para_init)
    [Anonymous Symbol]                       0x080095ac   Section        0  main.o(.text.uart0_handle)
    [Anonymous Symbol]                       0x0800975c   Section        0  usart.o(.text.uart0_init)
    [Anonymous Symbol]                       0x080097d4   Section        0  main.o(.text.uart1_handle)
    [Anonymous Symbol]                       0x0800a878   Section        0  usart.o(.text.uart1_init)
    [Anonymous Symbol]                       0x0800a8ec   Section        0  usart.o(.text.uart1_send_string)
    [Anonymous Symbol]                       0x0800a910   Section        0  usart.o(.text.uart_init_live)
    [Anonymous Symbol]                       0x0800a91c   Section        0  gd32f30x_usart.o(.text.usart_baudrate_set)
    [Anonymous Symbol]                       0x0800a988   Section        0  gd32f30x_usart.o(.text.usart_data_receive)
    [Anonymous Symbol]                       0x0800a990   Section        0  gd32f30x_usart.o(.text.usart_data_transmit)
    [Anonymous Symbol]                       0x0800a9a0   Section        0  gd32f30x_usart.o(.text.usart_deinit)
    [Anonymous Symbol]                       0x0800aa18   Section        0  gd32f30x_usart.o(.text.usart_enable)
    [Anonymous Symbol]                       0x0800aa24   Section        0  gd32f30x_usart.o(.text.usart_interrupt_enable)
    [Anonymous Symbol]                       0x0800aa3c   Section        0  gd32f30x_usart.o(.text.usart_interrupt_flag_get)
    [Anonymous Symbol]                       0x0800aa60   Section        0  gd32f30x_usart.o(.text.usart_receive_config)
    [Anonymous Symbol]                       0x0800aa6c   Section        0  gd32f30x_usart.o(.text.usart_transmit_config)
    [Anonymous Symbol]                       0x0800aa78   Section        0  main.o(.text.wdt_off)
    i.__0printf$8                            0x0800aab0   Section        0  printf8.o(i.__0printf$8)
    i.__0sprintf$8                           0x0800aad0   Section        0  printf8.o(i.__0sprintf$8)
    i.__hardfp_floorf                        0x0800aaf8   Section        0  floorf.o(i.__hardfp_floorf)
    i.__scatterload_copy                     0x0800ab68   Section       14  handlers.o(i.__scatterload_copy)
    i.__scatterload_null                     0x0800ab76   Section        2  handlers.o(i.__scatterload_null)
    i.__scatterload_zeroinit                 0x0800ab78   Section       14  handlers.o(i.__scatterload_zeroinit)
    _printf_core                             0x0800ab89   Thumb Code   996  printf8.o(i._printf_core)
    i._printf_core                           0x0800ab88   Section        0  printf8.o(i._printf_core)
    _printf_post_padding                     0x0800af99   Thumb Code    36  printf8.o(i._printf_post_padding)
    i._printf_post_padding                   0x0800af98   Section        0  printf8.o(i._printf_post_padding)
    _printf_pre_padding                      0x0800afbd   Thumb Code    46  printf8.o(i._printf_pre_padding)
    i._printf_pre_padding                    0x0800afbc   Section        0  printf8.o(i._printf_pre_padding)
    _sputc                                   0x0800afeb   Thumb Code    10  printf8.o(i._sputc)
    i._sputc                                 0x0800afea   Section        0  printf8.o(i._sputc)
    i.puts                                   0x0800aff4   Section        0  puts.o(i.puts)
    .L__const.rcu_clock_freq_get.apb2_exp    0x0800b018   Data           8  gd32f30x_rcu.o(.rodata.cst8)
    .L.str.88                                0x0800b020   Data          34  main.o(.rodata.str1.1)
    [Anonymous Symbol]                       0x0800b020   Section        0  main.o(.rodata.str1.1)
    .L.str.1                                 0x0800b042   Data          15  main.o(.rodata.str1.1)
    .L.str.43                                0x0800b051   Data          64  main.o(.rodata.str1.1)
    .L.str.8                                 0x0800b091   Data          43  main.o(.rodata.str1.1)
    .L.str.22                                0x0800b0bc   Data          18  main.o(.rodata.str1.1)
    .L.str.56                                0x0800b0ce   Data          28  main.o(.rodata.str1.1)
    .L.str.75                                0x0800b0ea   Data          30  main.o(.rodata.str1.1)
    .L.str.28                                0x0800b108   Data          30  main.o(.rodata.str1.1)
    .L.str.77                                0x0800b126   Data          12  main.o(.rodata.str1.1)
    .L.str.76                                0x0800b132   Data          35  main.o(.rodata.str1.1)
    .L.str.80                                0x0800b155   Data          14  main.o(.rodata.str1.1)
    .L.str.32                                0x0800b163   Data          13  main.o(.rodata.str1.1)
    .L.str.84                                0x0800b170   Data          14  main.o(.rodata.str1.1)
    .L.str.86                                0x0800b17e   Data          11  main.o(.rodata.str1.1)
    .L.str.13                                0x0800b189   Data          20  main.o(.rodata.str1.1)
    .L.str.12                                0x0800b19d   Data          20  main.o(.rodata.str1.1)
    .L.str.93                                0x0800b1b1   Data          47  main.o(.rodata.str1.1)
    .L.str.97                                0x0800b1e0   Data          26  main.o(.rodata.str1.1)
    .L.str.48                                0x0800b1fa   Data          20  main.o(.rodata.str1.1)
    .L.str.27                                0x0800b20e   Data          19  main.o(.rodata.str1.1)
    .L.str.42                                0x0800b221   Data          19  main.o(.rodata.str1.1)
    .L.str.44                                0x0800b234   Data          41  main.o(.rodata.str1.1)
    .L.str.40                                0x0800b25d   Data          18  main.o(.rodata.str1.1)
    .L.str.46                                0x0800b26f   Data          12  main.o(.rodata.str1.1)
    .L.str.34                                0x0800b276   Data           5  main.o(.rodata.str1.1)
    .L.str.103                               0x0800b27b   Data          84  main.o(.rodata.str1.1)
    .L.str.15                                0x0800b2cc   Data           3  main.o(.rodata.str1.1)
    .Lstr.111                                0x0800b2cf   Data          35  main.o(.rodata.str1.1)
    .Lstr                                    0x0800b2f2   Data          75  main.o(.rodata.str1.1)
    .Lstr.119                                0x0800b33d   Data          11  main.o(.rodata.str1.1)
    .Lstr.118                                0x0800b348   Data          14  main.o(.rodata.str1.1)
    .Lstr.112                                0x0800b356   Data           9  main.o(.rodata.str1.1)
    .L.str.19                                0x0800b35f   Data          53  main.o(.rodata.str1.1)
    .L.str.74                                0x0800b394   Data          69  main.o(.rodata.str1.1)
    .L.str.38                                0x0800b3d9   Data          87  main.o(.rodata.str1.1)
    .L.str.70                                0x0800b430   Data          43  main.o(.rodata.str1.1)
    .L.str.79                                0x0800b45b   Data          25  main.o(.rodata.str1.1)
    .L.str.78                                0x0800b474   Data          16  main.o(.rodata.str1.1)
    .L.str.6                                 0x0800b484   Data          17  main.o(.rodata.str1.1)
    .L.str.9                                 0x0800b495   Data          38  main.o(.rodata.str1.1)
    .L.str.41                                0x0800b4bb   Data          35  main.o(.rodata.str1.1)
    .L.str                                   0x0800b4de   Data          86  main.o(.rodata.str1.1)
    .L.str.5                                 0x0800b534   Data          16  main.o(.rodata.str1.1)
    .L.str.21                                0x0800b541   Data           3  main.o(.rodata.str1.1)
    .L.str.87                                0x0800b544   Data          33  main.o(.rodata.str1.4)
    [Anonymous Symbol]                       0x0800b544   Section        0  main.o(.rodata.str1.4)
    .L.str.99                                0x0800b568   Data          18  main.o(.rodata.str1.4)
    .L.str.3                                 0x0800b57c   Data          73  main.o(.rodata.str1.4)
    .L.str.16                                0x0800b5c8   Data          56  main.o(.rodata.str1.4)
    .L.str.94                                0x0800b600   Data          23  main.o(.rodata.str1.4)
    .L.str.73                                0x0800b618   Data          65  main.o(.rodata.str1.4)
    .L.str.95                                0x0800b65c   Data          40  main.o(.rodata.str1.4)
    .L.str.17                                0x0800b684   Data          52  main.o(.rodata.str1.4)
    .data                                    0x20000000   Section        4  stdout.o(.data)
    MCU_SOFT_VERSION                         0x20000008   Data          15  main.o(.data.MCU_SOFT_VERSION)
    [Anonymous Symbol]                       0x20000008   Section        0  main.o(.data.MCU_SOFT_VERSION)
    cmp_msg0                                 0x2000002c   Data          10  main.o(.data.cmp_msg0)
    [Anonymous Symbol]                       0x2000002c   Section        0  main.o(.data.cmp_msg0)
    cmp_msg1                                 0x20000036   Data           8  main.o(.data.cmp_msg1)
    [Anonymous Symbol]                       0x20000036   Section        0  main.o(.data.cmp_msg1)
    cmp_msg2                                 0x2000003e   Data           9  main.o(.data.cmp_msg2)
    [Anonymous Symbol]                       0x2000003e   Section        0  main.o(.data.cmp_msg2)
    cmp_msg3                                 0x20000047   Data          11  main.o(.data.cmp_msg3)
    [Anonymous Symbol]                       0x20000047   Section        0  main.o(.data.cmp_msg3)
    cmp_msg4                                 0x20000052   Data          12  main.o(.data.cmp_msg4)
    [Anonymous Symbol]                       0x20000052   Section        0  main.o(.data.cmp_msg4)
    cmp_msg5                                 0x2000005e   Data          10  main.o(.data.cmp_msg5)
    [Anonymous Symbol]                       0x2000005e   Section        0  main.o(.data.cmp_msg5)
    cmp_msg7                                 0x20000068   Data           8  main.o(.data.cmp_msg7)
    [Anonymous Symbol]                       0x20000068   Section        0  main.o(.data.cmp_msg7)
    cmp_msg8                                 0x20000070   Data           9  main.o(.data.cmp_msg8)
    [Anonymous Symbol]                       0x20000070   Section        0  main.o(.data.cmp_msg8)
    APN                                      0x200000a0   Data          15  main.o(.bss.APN)
    [Anonymous Symbol]                       0x200000a0   Section        0  main.o(.bss.APN)
    PORT                                     0x200000c4   Data           5  main.o(.bss.PORT)
    [Anonymous Symbol]                       0x200000c4   Section        0  main.o(.bss.PORT)
    fileftp                                  0x20000128   Data          20  main.o(.bss.fileftp)
    [Anonymous Symbol]                       0x20000128   Section        0  main.o(.bss.fileftp)
    fmc_buf                                  0x2000013c   Data         256  main.o(.bss.fmc_buf)
    [Anonymous Symbol]                       0x2000013c   Section        0  main.o(.bss.fmc_buf)
    ipftp                                    0x20000e64   Data          50  main.o(.bss.ipftp)
    [Anonymous Symbol]                       0x20000e64   Section        0  main.o(.bss.ipftp)
    ippush                                   0x20000e98   Data          50  main.o(.bss.ippush)
    [Anonymous Symbol]                       0x20000e98   Section        0  main.o(.bss.ippush)
    len_meter_buf                            0x20000ecc   Data           4  main.o(.bss.len_meter_buf)
    [Anonymous Symbol]                       0x20000ecc   Section        0  main.o(.bss.len_meter_buf)
    len_rxmeter                              0x20000ed0   Data           4  main.o(.bss.len_rxmeter)
    [Anonymous Symbol]                       0x20000ed0   Section        0  main.o(.bss.len_rxmeter)
    mipcall                                  0x20000eec   Data         100  main.o(.bss.mipcall)
    [Anonymous Symbol]                       0x20000eec   Section        0  main.o(.bss.mipcall)
    portpush                                 0x20000f70   Data           8  main.o(.bss.portpush)
    [Anonymous Symbol]                       0x20000f70   Section        0  main.o(.bss.portpush)
    pwdftp                                   0x20000f80   Data          20  main.o(.bss.pwdftp)
    [Anonymous Symbol]                       0x20000f80   Section        0  main.o(.bss.pwdftp)
    rx_cnt                                   0x20000f98   Data           4  main.o(.bss.rx_cnt)
    [Anonymous Symbol]                       0x20000f98   Section        0  main.o(.bss.rx_cnt)
    sim_flag                                 0x20000fa0   Data           1  main.o(.bss.sim_flag)
    [Anonymous Symbol]                       0x20000fa0   Section        0  main.o(.bss.sim_flag)
    temp_global                              0x200013ac   Data        1200  main.o(.bss.temp_global)
    [Anonymous Symbol]                       0x200013ac   Section        0  main.o(.bss.temp_global)
    uart0_rxbuf                              0x20001874   Data        2200  main.o(.bss.uart0_rxbuf)
    [Anonymous Symbol]                       0x20001874   Section        0  main.o(.bss.uart0_rxbuf)
    uart0_rxbuf1                             0x2000210c   Data        2200  main.o(.bss.uart0_rxbuf1)
    [Anonymous Symbol]                       0x2000210c   Section        0  main.o(.bss.uart0_rxbuf1)
    uart1_rxbuf                              0x200029ac   Data        2100  main.o(.bss.uart1_rxbuf)
    [Anonymous Symbol]                       0x200029ac   Section        0  main.o(.bss.uart1_rxbuf)
    uart1_tx                                 0x200031e0   Data        2100  main.o(.bss.uart1_tx)
    [Anonymous Symbol]                       0x200031e0   Section        0  main.o(.bss.uart1_tx)
    userftp                                  0x20003a14   Data          20  main.o(.bss.userftp)
    [Anonymous Symbol]                       0x20003a14   Section        0  main.o(.bss.userftp)
    white_list1                              0x20003a28   Data          15  main.o(.bss.white_list1)
    [Anonymous Symbol]                       0x20003a28   Section        0  main.o(.bss.white_list1)
    white_list2                              0x20003a38   Data          15  main.o(.bss.white_list2)
    [Anonymous Symbol]                       0x20003a38   Section        0  main.o(.bss.white_list2)
    white_list3                              0x20003a48   Data          15  main.o(.bss.white_list3)
    [Anonymous Symbol]                       0x20003a48   Section        0  main.o(.bss.white_list3)
    STACK                                    0x20003a60   Section     1024  startup_gd32f30x_xd.o(STACK)

    Global Symbols

    Symbol Name                              Value     Ov Type        Size  Object(Section)

    BuildAttributes$$THM_ISAv4$E$P$D$K$B$S$7EM$VFPi3$EXTD16$VFPS$VFMA$PE$A:L22UL41UL21$X:L11$S22US41US21$IEEE1$IW$~IW$USESV6$~STKCKD$USESV7$~SHL$OTIME$ROPI$IEEEJ$EBA8$MICROLIB$REQ8$PRES8$EABIv2 0x00000000   Number         0  anon$$obj.o ABSOLUTE
    _printf_a                                0x00000000   Number         0  printfstubs.o ABSOLUTE
    _printf_c                                0x00000000   Number         0  printfstubs.o ABSOLUTE
    _printf_charcount                        0x00000000   Number         0  printfstubs.o ABSOLUTE
    _printf_d                                0x00000000   Number         0  printfstubs.o ABSOLUTE
    _printf_e                                0x00000000   Number         0  printfstubs.o ABSOLUTE
    _printf_f                                0x00000000   Number         0  printfstubs.o ABSOLUTE
    _printf_flags                            0x00000000   Number         0  printfstubs.o ABSOLUTE
    _printf_fp_dec                           0x00000000   Number         0  printfstubs.o ABSOLUTE
    _printf_fp_hex                           0x00000000   Number         0  printfstubs.o ABSOLUTE
    _printf_g                                0x00000000   Number         0  printfstubs.o ABSOLUTE
    _printf_i                                0x00000000   Number         0  printfstubs.o ABSOLUTE
    _printf_int_dec                          0x00000000   Number         0  printfstubs.o ABSOLUTE
    _printf_l                                0x00000000   Number         0  printfstubs.o ABSOLUTE
    _printf_lc                               0x00000000   Number         0  printfstubs.o ABSOLUTE
    _printf_ll                               0x00000000   Number         0  printfstubs.o ABSOLUTE
    _printf_lld                              0x00000000   Number         0  printfstubs.o ABSOLUTE
    _printf_lli                              0x00000000   Number         0  printfstubs.o ABSOLUTE
    _printf_llo                              0x00000000   Number         0  printfstubs.o ABSOLUTE
    _printf_llu                              0x00000000   Number         0  printfstubs.o ABSOLUTE
    _printf_llx                              0x00000000   Number         0  printfstubs.o ABSOLUTE
    _printf_longlong_dec                     0x00000000   Number         0  printfstubs.o ABSOLUTE
    _printf_longlong_hex                     0x00000000   Number         0  printfstubs.o ABSOLUTE
    _printf_longlong_oct                     0x00000000   Number         0  printfstubs.o ABSOLUTE
    _printf_ls                               0x00000000   Number         0  printfstubs.o ABSOLUTE
    _printf_mbtowc                           0x00000000   Number         0  printfstubs.o ABSOLUTE
    _printf_n                                0x00000000   Number         0  printfstubs.o ABSOLUTE
    _printf_o                                0x00000000   Number         0  printfstubs.o ABSOLUTE
    _printf_p                                0x00000000   Number         0  printfstubs.o ABSOLUTE
    _printf_percent                          0x00000000   Number         0  printfstubs.o ABSOLUTE
    _printf_pre_padding                      0x00000000   Number         0  printfstubs.o ABSOLUTE
    _printf_return_value                     0x00000000   Number         0  printfstubs.o ABSOLUTE
    _printf_s                                0x00000000   Number         0  printfstubs.o ABSOLUTE
    _printf_sizespec                         0x00000000   Number         0  printfstubs.o ABSOLUTE
    _printf_str                              0x00000000   Number         0  printfstubs.o ABSOLUTE
    _printf_truncate_signed                  0x00000000   Number         0  printfstubs.o ABSOLUTE
    _printf_truncate_unsigned                0x00000000   Number         0  printfstubs.o ABSOLUTE
    _printf_u                                0x00000000   Number         0  printfstubs.o ABSOLUTE
    _printf_wc                               0x00000000   Number         0  printfstubs.o ABSOLUTE
    _printf_wctomb                           0x00000000   Number         0  printfstubs.o ABSOLUTE
    _printf_widthprec                        0x00000000   Number         0  printfstubs.o ABSOLUTE
    _printf_x                                0x00000000   Number         0  printfstubs.o ABSOLUTE
    __cpp_initialize__aeabi_                  - Undefined Weak Reference
    __cxa_finalize                            - Undefined Weak Reference
    __decompress                              - Undefined Weak Reference
    _clock_init                               - Undefined Weak Reference
    _microlib_exit                            - Undefined Weak Reference
    __Vectors_Size                           0x00000130   Number         0  startup_gd32f30x_xd.o ABSOLUTE
    __Vectors                                0x08000000   Data           4  startup_gd32f30x_xd.o(RESET)
    __Vectors_End                            0x08000130   Data           0  startup_gd32f30x_xd.o(RESET)
    __main                                   0x08000131   Thumb Code     0  entry.o(.ARM.Collect$$$$00000000)
    _main_stk                                0x08000131   Thumb Code     0  entry2.o(.ARM.Collect$$$$00000001)
    _main_scatterload                        0x08000135   Thumb Code     0  entry5.o(.ARM.Collect$$$$00000004)
    __main_after_scatterload                 0x08000139   Thumb Code     0  entry5.o(.ARM.Collect$$$$00000004)
    _main_clock                              0x08000139   Thumb Code     0  entry7b.o(.ARM.Collect$$$$00000008)
    _main_cpp_init                           0x08000139   Thumb Code     0  entry8b.o(.ARM.Collect$$$$0000000A)
    _main_init                               0x08000139   Thumb Code     0  entry9a.o(.ARM.Collect$$$$0000000B)
    __rt_final_cpp                           0x08000141   Thumb Code     0  entry10a.o(.ARM.Collect$$$$0000000D)
    __rt_final_exit                          0x08000141   Thumb Code     0  entry11a.o(.ARM.Collect$$$$0000000F)
    Reset_Handler                            0x08000145   Thumb Code     8  startup_gd32f30x_xd.o(.text)
    ADC0_1_IRQHandler                        0x0800015f   Thumb Code     0  startup_gd32f30x_xd.o(.text)
    ADC2_IRQHandler                          0x0800015f   Thumb Code     0  startup_gd32f30x_xd.o(.text)
    CAN0_EWMC_IRQHandler                     0x0800015f   Thumb Code     0  startup_gd32f30x_xd.o(.text)
    CAN0_RX1_IRQHandler                      0x0800015f   Thumb Code     0  startup_gd32f30x_xd.o(.text)
    DMA0_Channel0_IRQHandler                 0x0800015f   Thumb Code     0  startup_gd32f30x_xd.o(.text)
    DMA0_Channel1_IRQHandler                 0x0800015f   Thumb Code     0  startup_gd32f30x_xd.o(.text)
    DMA0_Channel2_IRQHandler                 0x0800015f   Thumb Code     0  startup_gd32f30x_xd.o(.text)
    DMA0_Channel3_IRQHandler                 0x0800015f   Thumb Code     0  startup_gd32f30x_xd.o(.text)
    DMA0_Channel4_IRQHandler                 0x0800015f   Thumb Code     0  startup_gd32f30x_xd.o(.text)
    DMA0_Channel5_IRQHandler                 0x0800015f   Thumb Code     0  startup_gd32f30x_xd.o(.text)
    DMA0_Channel6_IRQHandler                 0x0800015f   Thumb Code     0  startup_gd32f30x_xd.o(.text)
    DMA1_Channel0_IRQHandler                 0x0800015f   Thumb Code     0  startup_gd32f30x_xd.o(.text)
    DMA1_Channel1_IRQHandler                 0x0800015f   Thumb Code     0  startup_gd32f30x_xd.o(.text)
    DMA1_Channel2_IRQHandler                 0x0800015f   Thumb Code     0  startup_gd32f30x_xd.o(.text)
    DMA1_Channel3_4_IRQHandler               0x0800015f   Thumb Code     0  startup_gd32f30x_xd.o(.text)
    EXMC_IRQHandler                          0x0800015f   Thumb Code     0  startup_gd32f30x_xd.o(.text)
    EXTI0_IRQHandler                         0x0800015f   Thumb Code     0  startup_gd32f30x_xd.o(.text)
    EXTI10_15_IRQHandler                     0x0800015f   Thumb Code     0  startup_gd32f30x_xd.o(.text)
    EXTI1_IRQHandler                         0x0800015f   Thumb Code     0  startup_gd32f30x_xd.o(.text)
    EXTI2_IRQHandler                         0x0800015f   Thumb Code     0  startup_gd32f30x_xd.o(.text)
    EXTI3_IRQHandler                         0x0800015f   Thumb Code     0  startup_gd32f30x_xd.o(.text)
    EXTI4_IRQHandler                         0x0800015f   Thumb Code     0  startup_gd32f30x_xd.o(.text)
    EXTI5_9_IRQHandler                       0x0800015f   Thumb Code     0  startup_gd32f30x_xd.o(.text)
    FMC_IRQHandler                           0x0800015f   Thumb Code     0  startup_gd32f30x_xd.o(.text)
    I2C0_ER_IRQHandler                       0x0800015f   Thumb Code     0  startup_gd32f30x_xd.o(.text)
    I2C0_EV_IRQHandler                       0x0800015f   Thumb Code     0  startup_gd32f30x_xd.o(.text)
    I2C1_ER_IRQHandler                       0x0800015f   Thumb Code     0  startup_gd32f30x_xd.o(.text)
    I2C1_EV_IRQHandler                       0x0800015f   Thumb Code     0  startup_gd32f30x_xd.o(.text)
    LVD_IRQHandler                           0x0800015f   Thumb Code     0  startup_gd32f30x_xd.o(.text)
    RCU_CTC_IRQHandler                       0x0800015f   Thumb Code     0  startup_gd32f30x_xd.o(.text)
    RTC_Alarm_IRQHandler                     0x0800015f   Thumb Code     0  startup_gd32f30x_xd.o(.text)
    RTC_IRQHandler                           0x0800015f   Thumb Code     0  startup_gd32f30x_xd.o(.text)
    SDIO_IRQHandler                          0x0800015f   Thumb Code     0  startup_gd32f30x_xd.o(.text)
    SPI0_IRQHandler                          0x0800015f   Thumb Code     0  startup_gd32f30x_xd.o(.text)
    SPI1_IRQHandler                          0x0800015f   Thumb Code     0  startup_gd32f30x_xd.o(.text)
    SPI2_IRQHandler                          0x0800015f   Thumb Code     0  startup_gd32f30x_xd.o(.text)
    TAMPER_IRQHandler                        0x0800015f   Thumb Code     0  startup_gd32f30x_xd.o(.text)
    TIMER0_BRK_TIMER8_IRQHandler             0x0800015f   Thumb Code     0  startup_gd32f30x_xd.o(.text)
    TIMER0_Channel_IRQHandler                0x0800015f   Thumb Code     0  startup_gd32f30x_xd.o(.text)
    TIMER0_TRG_CMT_TIMER10_IRQHandler        0x0800015f   Thumb Code     0  startup_gd32f30x_xd.o(.text)
    TIMER0_UP_TIMER9_IRQHandler              0x0800015f   Thumb Code     0  startup_gd32f30x_xd.o(.text)
    TIMER1_IRQHandler                        0x0800015f   Thumb Code     0  startup_gd32f30x_xd.o(.text)
    TIMER2_IRQHandler                        0x0800015f   Thumb Code     0  startup_gd32f30x_xd.o(.text)
    TIMER3_IRQHandler                        0x0800015f   Thumb Code     0  startup_gd32f30x_xd.o(.text)
    TIMER4_IRQHandler                        0x0800015f   Thumb Code     0  startup_gd32f30x_xd.o(.text)
    TIMER5_IRQHandler                        0x0800015f   Thumb Code     0  startup_gd32f30x_xd.o(.text)
    TIMER6_IRQHandler                        0x0800015f   Thumb Code     0  startup_gd32f30x_xd.o(.text)
    TIMER7_BRK_TIMER11_IRQHandler            0x0800015f   Thumb Code     0  startup_gd32f30x_xd.o(.text)
    TIMER7_Channel_IRQHandler                0x0800015f   Thumb Code     0  startup_gd32f30x_xd.o(.text)
    TIMER7_TRG_CMT_TIMER13_IRQHandler        0x0800015f   Thumb Code     0  startup_gd32f30x_xd.o(.text)
    TIMER7_UP_TIMER12_IRQHandler             0x0800015f   Thumb Code     0  startup_gd32f30x_xd.o(.text)
    UART3_IRQHandler                         0x0800015f   Thumb Code     0  startup_gd32f30x_xd.o(.text)
    UART4_IRQHandler                         0x0800015f   Thumb Code     0  startup_gd32f30x_xd.o(.text)
    USART2_IRQHandler                        0x0800015f   Thumb Code     0  startup_gd32f30x_xd.o(.text)
    USBD_HP_CAN0_TX_IRQHandler               0x0800015f   Thumb Code     0  startup_gd32f30x_xd.o(.text)
    USBD_LP_CAN0_RX0_IRQHandler              0x0800015f   Thumb Code     0  startup_gd32f30x_xd.o(.text)
    USBD_WKUP_IRQHandler                     0x0800015f   Thumb Code     0  startup_gd32f30x_xd.o(.text)
    WWDGT_IRQHandler                         0x0800015f   Thumb Code     0  startup_gd32f30x_xd.o(.text)
    __aeabi_memcpy                           0x08000169   Thumb Code    36  memcpya.o(.text)
    __aeabi_memcpy4                          0x08000169   Thumb Code     0  memcpya.o(.text)
    __aeabi_memcpy8                          0x08000169   Thumb Code     0  memcpya.o(.text)
    __aeabi_memset                           0x0800018d   Thumb Code    14  memseta.o(.text)
    __aeabi_memset4                          0x0800018d   Thumb Code     0  memseta.o(.text)
    __aeabi_memset8                          0x0800018d   Thumb Code     0  memseta.o(.text)
    __aeabi_memclr                           0x0800019b   Thumb Code     4  memseta.o(.text)
    __aeabi_memclr4                          0x0800019b   Thumb Code     0  memseta.o(.text)
    __aeabi_memclr8                          0x0800019b   Thumb Code     0  memseta.o(.text)
    _memset$wrapper                          0x0800019f   Thumb Code    18  memseta.o(.text)
    strlen                                   0x080001b1   Thumb Code    14  strlen.o(.text)
    strcmp                                   0x080001bf   Thumb Code    28  strcmp.o(.text)
    strncmp                                  0x080001db   Thumb Code    30  strncmp.o(.text)
    __aeabi_uldivmod                         0x080001f9   Thumb Code    98  uldiv.o(.text)
    __I$use$fp                               0x0800025b   Thumb Code     0  iusefp.o(.text)
    __scatterload                            0x0800025d   Thumb Code    28  init.o(.text)
    __scatterload_rt2                        0x0800025d   Thumb Code     0  init.o(.text)
    __aeabi_llsl                             0x08000281   Thumb Code    30  llshl.o(.text)
    _ll_shift_l                              0x08000281   Thumb Code     0  llshl.o(.text)
    __aeabi_llsr                             0x0800029f   Thumb Code    32  llushr.o(.text)
    _ll_ushift_r                             0x0800029f   Thumb Code     0  llushr.o(.text)
    BusFault_Handler                         0x080002c1   Thumb Code     2  gd32f30x_it.o(.text.BusFault_Handler)
    DebugMon_Handler                         0x080002c5   Thumb Code     2  gd32f30x_it.o(.text.DebugMon_Handler)
    HardFault_Handler                        0x080002c9   Thumb Code     2  gd32f30x_it.o(.text.HardFault_Handler)
    MemManage_Handler                        0x080002cd   Thumb Code     2  gd32f30x_it.o(.text.MemManage_Handler)
    NMI_Handler                              0x080002d1   Thumb Code     2  gd32f30x_it.o(.text.NMI_Handler)
    PendSV_Handler                           0x080002d5   Thumb Code     2  gd32f30x_it.o(.text.PendSV_Handler)
    SVC_Handler                              0x080002d9   Thumb Code     2  gd32f30x_it.o(.text.SVC_Handler)
    SysTick_Handler                          0x080002dd   Thumb Code     8  gd32f30x_it.o(.text.SysTick_Handler)
    SystemInit                               0x080002e5   Thumb Code   326  system_gd32f30x.o(.text.SystemInit)
    USART0_IRQHandler                        0x0800042d   Thumb Code     8  gd32f30x_it.o(.text.USART0_IRQHandler)
    USART1_IRQHandler                        0x08000435   Thumb Code     8  gd32f30x_it.o(.text.USART1_IRQHandler)
    UsageFault_Handler                       0x0800043d   Thumb Code     2  gd32f30x_it.o(.text.UsageFault_Handler)
    check_set_fmc                            0x08000441   Thumb Code  4460  main.o(.text.check_set_fmc)
    check_set_fmc_byserial                   0x08001601   Thumb Code  3884  main.o(.text.check_set_fmc_byserial)
    check_shrst_fmc                          0x08002575   Thumb Code   416  main.o(.text.check_shrst_fmc)
    check_sms                                0x08002715   Thumb Code    72  main.o(.text.check_sms)
    config_byserial                          0x080027a5   Thumb Code  2264  main.o(.text.config_byserial)
    config_modem                             0x08003119   Thumb Code   132  main.o(.text.config_modem)
    extractnum_clip                          0x080031f1   Thumb Code   688  main.o(.text.extractnum_clip)
    filter_cmt                               0x080034c1   Thumb Code  3776  main.o(.text.filter_cmt)
    fmc_backup                               0x0800440d   Thumb Code    88  main.o(.text.fmc_backup)
    fmc_erase_pages                          0x08004465   Thumb Code   100  main.o(.text.fmc_erase_pages)
    fmc_erase_pages_check                    0x080044c9   Thumb Code    86  main.o(.text.fmc_erase_pages_check)
    fmc_flag_clear                           0x08004521   Thumb Code    30  gd32f30x_fmc.o(.text.fmc_flag_clear)
    fmc_lock                                 0x08004541   Thumb Code    44  gd32f30x_fmc.o(.text.fmc_lock)
    fmc_page_erase                           0x0800456d   Thumb Code   472  gd32f30x_fmc.o(.text.fmc_page_erase)
    fmc_program2                             0x08004745   Thumb Code   144  main.o(.text.fmc_program2)
    fmc_program3                             0x080047d5   Thumb Code   144  main.o(.text.fmc_program3)
    fmc_unlock                               0x08004865   Thumb Code    80  gd32f30x_fmc.o(.text.fmc_unlock)
    fmc_word_program                         0x080048b5   Thumb Code   448  gd32f30x_fmc.o(.text.fmc_word_program)
    fota_fmc_erase_1page                     0x08004a75   Thumb Code   120  main.o(.text.fota_fmc_erase_1page)
    fputc                                    0x08004aed   Thumb Code    22  usart.o(.text.fputc)
    gpio_bit_reset                           0x08004b05   Thumb Code     4  gd32f30x_gpio.o(.text.gpio_bit_reset)
    gpio_bit_set                             0x08004b09   Thumb Code     4  gd32f30x_gpio.o(.text.gpio_bit_set)
    gpio_init                                0x08004b0d   Thumb Code   182  gd32f30x_gpio.o(.text.gpio_init)
    gpio_input_bit_get                       0x08004bc5   Thumb Code    10  gd32f30x_gpio.o(.text.gpio_input_bit_get)
    main                                     0x08004bd1   Thumb Code  3536  main.o(.text.main)
    mfota_start                              0x08005a0d   Thumb Code   848  main.o(.text.mfota_start)
    nvic_irq_enable                          0x08005d9d   Thumb Code   168  gd32f30x_misc.o(.text.nvic_irq_enable)
    process_mfota                            0x08005e45   Thumb Code   942  main.o(.text.process_mfota)
    rcu_clock_freq_get                       0x080061f5   Thumb Code   220  gd32f30x_rcu.o(.text.rcu_clock_freq_get)
    rcu_periph_clock_enable                  0x080062e1   Thumb Code    30  gd32f30x_rcu.o(.text.rcu_periph_clock_enable)
    rcu_periph_reset_disable                 0x08006301   Thumb Code    32  gd32f30x_rcu.o(.text.rcu_periph_reset_disable)
    rcu_periph_reset_enable                  0x08006321   Thumb Code    30  gd32f30x_rcu.o(.text.rcu_periph_reset_enable)
    reboot_by_calling                        0x08006341   Thumb Code   280  main.o(.text.reboot_by_calling)
    send_sms                                 0x08006471   Thumb Code   200  main.o(.text.send_sms)
    send_sms_withsmsnum                      0x08006539   Thumb Code   174  main.o(.text.send_sms_withsmsnum)
    send_smscmdmode                          0x080065e9   Thumb Code   172  main.o(.text.send_smscmdmode)
    sim_flag1                                0x080066a5   Thumb Code   388  main.o(.text.sim_flag1)
    sim_flag14                               0x0800683d   Thumb Code   728  main.o(.text.sim_flag14)
    sim_flag2                                0x08006b15   Thumb Code   756  main.o(.text.sim_flag2)
    sim_flag20                               0x08006e91   Thumb Code  1084  main.o(.text.sim_flag20)
    sim_flag21                               0x080072f1   Thumb Code   280  main.o(.text.sim_flag21)
    sim_flag23                               0x08007409   Thumb Code   724  main.o(.text.sim_flag23)
    sim_flag25                               0x08007749   Thumb Code   224  main.o(.text.sim_flag25)
    sim_flag27                               0x08007835   Thumb Code   254  main.o(.text.sim_flag27)
    sim_flag28                               0x08007935   Thumb Code   396  main.o(.text.sim_flag28)
    sim_flag3                                0x08007ac1   Thumb Code  1176  main.o(.text.sim_flag3)
    sim_flag31                               0x08007f81   Thumb Code   382  main.o(.text.sim_flag31)
    sim_flag34                               0x08008101   Thumb Code   230  main.o(.text.sim_flag34)
    sim_flag4                                0x080081e9   Thumb Code   756  main.o(.text.sim_flag4)
    sim_flag43                               0x080084dd   Thumb Code   228  main.o(.text.sim_flag43)
    sim_flag44                               0x080085f1   Thumb Code  1220  main.o(.text.sim_flag44)
    sim_flag7                                0x08008b1d   Thumb Code   226  main.o(.text.sim_flag7)
    strcmp_smsmsg                            0x08008c01   Thumb Code   672  main.o(.text.strcmp_smsmsg)
    tiktok                                   0x08008ea1   Thumb Code    62  main.o(.text.tiktok)
    timer1_config                            0x08008ee1   Thumb Code   122  main.o(.text.timer1_config)
    timer_auto_reload_shadow_enable          0x08008f5d   Thumb Code    10  gd32f30x_timer.o(.text.timer_auto_reload_shadow_enable)
    timer_channel_output_config              0x08008f69   Thumb Code   518  gd32f30x_timer.o(.text.timer_channel_output_config)
    timer_channel_output_mode_config         0x08009171   Thumb Code    58  gd32f30x_timer.o(.text.timer_channel_output_mode_config)
    timer_channel_output_pulse_value_config  0x080091ad   Thumb Code    12  gd32f30x_timer.o(.text.timer_channel_output_pulse_value_config)
    timer_channel_output_shadow_config       0x080091b9   Thumb Code    58  gd32f30x_timer.o(.text.timer_channel_output_shadow_config)
    timer_config                             0x080091f5   Thumb Code   134  main.o(.text.timer_config)
    timer_deinit                             0x0800927d   Thumb Code   190  gd32f30x_timer.o(.text.timer_deinit)
    timer_enable                             0x0800933d   Thumb Code    10  gd32f30x_timer.o(.text.timer_enable)
    timer_init                               0x08009349   Thumb Code   180  gd32f30x_timer.o(.text.timer_init)
    timer_input_capture_config               0x080093fd   Thumb Code   346  gd32f30x_timer.o(.text.timer_input_capture_config)
    timer_input_trigger_source_select        0x08009559   Thumb Code    16  gd32f30x_timer.o(.text.timer_input_trigger_source_select)
    timer_interrupt_enable                   0x08009569   Thumb Code     8  gd32f30x_timer.o(.text.timer_interrupt_enable)
    timer_interrupt_flag_clear               0x08009571   Thumb Code     6  gd32f30x_timer.o(.text.timer_interrupt_flag_clear)
    timer_primary_output_config              0x08009579   Thumb Code    18  gd32f30x_timer.o(.text.timer_primary_output_config)
    timer_slave_mode_select                  0x0800958d   Thumb Code    16  gd32f30x_timer.o(.text.timer_slave_mode_select)
    timer_struct_para_init                   0x0800959d   Thumb Code    16  gd32f30x_timer.o(.text.timer_struct_para_init)
    uart0_handle                             0x080095ad   Thumb Code   432  main.o(.text.uart0_handle)
    uart0_init                               0x0800975d   Thumb Code   118  usart.o(.text.uart0_init)
    uart1_handle                             0x080097d5   Thumb Code  4258  main.o(.text.uart1_handle)
    uart1_init                               0x0800a879   Thumb Code   114  usart.o(.text.uart1_init)
    uart1_send_string                        0x0800a8ed   Thumb Code    34  usart.o(.text.uart1_send_string)
    uart_init_live                           0x0800a911   Thumb Code    12  usart.o(.text.uart_init_live)
    usart_baudrate_set                       0x0800a91d   Thumb Code   106  gd32f30x_usart.o(.text.usart_baudrate_set)
    usart_data_receive                       0x0800a989   Thumb Code     8  gd32f30x_usart.o(.text.usart_data_receive)
    usart_data_transmit                      0x0800a991   Thumb Code    16  gd32f30x_usart.o(.text.usart_data_transmit)
    usart_deinit                             0x0800a9a1   Thumb Code   118  gd32f30x_usart.o(.text.usart_deinit)
    usart_enable                             0x0800aa19   Thumb Code    10  gd32f30x_usart.o(.text.usart_enable)
    usart_interrupt_enable                   0x0800aa25   Thumb Code    22  gd32f30x_usart.o(.text.usart_interrupt_enable)
    usart_interrupt_flag_get                 0x0800aa3d   Thumb Code    34  gd32f30x_usart.o(.text.usart_interrupt_flag_get)
    usart_receive_config                     0x0800aa61   Thumb Code    12  gd32f30x_usart.o(.text.usart_receive_config)
    usart_transmit_config                    0x0800aa6d   Thumb Code    12  gd32f30x_usart.o(.text.usart_transmit_config)
    wdt_off                                  0x0800aa79   Thumb Code    56  main.o(.text.wdt_off)
    __0printf$8                              0x0800aab1   Thumb Code    22  printf8.o(i.__0printf$8)
    __1printf$8                              0x0800aab1   Thumb Code     0  printf8.o(i.__0printf$8)
    __2printf                                0x0800aab1   Thumb Code     0  printf8.o(i.__0printf$8)
    __0sprintf$8                             0x0800aad1   Thumb Code    34  printf8.o(i.__0sprintf$8)
    __1sprintf$8                             0x0800aad1   Thumb Code     0  printf8.o(i.__0sprintf$8)
    __2sprintf                               0x0800aad1   Thumb Code     0  printf8.o(i.__0sprintf$8)
    __hardfp_floorf                          0x0800aaf9   Thumb Code    98  floorf.o(i.__hardfp_floorf)
    __scatterload_copy                       0x0800ab69   Thumb Code    14  handlers.o(i.__scatterload_copy)
    __scatterload_null                       0x0800ab77   Thumb Code     2  handlers.o(i.__scatterload_null)
    __scatterload_zeroinit                   0x0800ab79   Thumb Code    14  handlers.o(i.__scatterload_zeroinit)
    puts                                     0x0800aff5   Thumb Code    30  puts.o(i.puts)
    Region$$Table$$Base                      0x0800b6b8   Number         0  anon$$obj.o(Region$$Table)
    Region$$Table$$Limit                     0x0800b6d8   Number         0  anon$$obj.o(Region$$Table)
    __stdout                                 0x20000000   Data           4  stdout.o(.data)
    MAXBUFFER                                0x20000004   Data           4  main.o(.data.MAXBUFFER)
    PageNum                                  0x20000018   Data           4  main.o(.data.PageNum)
    SystemCoreClock                          0x2000001c   Data           4  system_gd32f30x.o(.data.SystemCoreClock)
    WordNum                                  0x20000020   Data           4  main.o(.data.WordNum)
    baudrateDefault                          0x20000024   Data           4  main.o(.data.baudrateDefault)
    cmp_caller                               0x20000028   Data           4  main.o(.data.cmp_caller)
    cmp_passcode                             0x2000007c   Data           4  main.o(.data.cmp_passcode)
    cmp_smsmsg                               0x20000080   Data           4  main.o(.data.cmp_smsmsg)
    data1                                    0x20000084   Data           4  main.o(.data.data1)
    enablehrst_default                       0x20000088   Data           4  main.o(.data.enablehrst_default)
    enablesrst_default                       0x2000008c   Data           4  main.o(.data.enablesrst_default)
    fota_write_end_addr                      0x20000090   Data           4  main.o(.data.fota_write_end_addr)
    fota_write_start_addr                    0x20000094   Data           4  main.o(.data.fota_write_start_addr)
    tick_max                                 0x20000098   Data           4  main.o(.data.tick_max)
    FotaPageNum                              0x200000b0   Data           4  main.o(.bss.FotaPageNum)
    JumpAddress                              0x200000b4   Data           4  main.o(.bss.JumpAddress)
    Jump_To_Application                      0x200000b8   Data           4  main.o(.bss.Jump_To_Application)
    LEDBStatus                               0x200000bc   Data           4  main.o(.bss.LEDBStatus)
    LEDGStatus                               0x200000c0   Data           4  main.o(.bss.LEDGStatus)
    TESTMODE                                 0x200000c9   Data           1  main.o(.bss.TESTMODE)
    address                                  0x200000cc   Data           4  main.o(.bss.address)
    afterreset                               0x200000d0   Data           4  main.o(.bss.afterreset)
    autoreboot                               0x200000d4   Data           1  main.o(.bss.autoreboot)
    baud0                                    0x200000d8   Data           4  main.o(.bss.baud0)
    callernum                                0x200000dc   Data          15  main.o(.bss.callernum)
    callingcnt                               0x200000ec   Data           4  main.o(.bss.callingcnt)
    checksocket                              0x200000f0   Data           4  main.o(.bss.checksocket)
    cmp_config                               0x200000f4   Data           4  main.o(.bss.cmp_config)
    cmpnum                                   0x200000f8   Data           4  main.o(.bss.cmpnum)
    cntSimflag0                              0x200000fc   Data           4  main.o(.bss.cntSimflag0)
    cnt_data_meter                           0x20000100   Data           4  main.o(.bss.cnt_data_meter)
    cntcclk                                  0x20000104   Data           4  main.o(.bss.cntcclk)
    cntcclkerr                               0x20000108   Data           4  main.o(.bss.cntcclkerr)
    cntmipcall                               0x2000010c   Data           1  main.o(.bss.cntmipcall)
    counter_wait_mtr                         0x20000110   Data           4  main.o(.bss.counter_wait_mtr)
    counter_wait_sim                         0x20000114   Data           4  main.o(.bss.counter_wait_sim)
    day_hrst                                 0x20000118   Data           4  main.o(.bss.day_hrst)
    daynow                                   0x2000011c   Data           4  main.o(.bss.daynow)
    enablehrst                               0x20000120   Data           4  main.o(.bss.enablehrst)
    enablesrst                               0x20000124   Data           4  main.o(.bss.enablesrst)
    fmc_data_backup                          0x2000023c   Data        1024  main.o(.bss.fmc_data_backup)
    fota_fw1                                 0x2000063c   Data        2048  main.o(.bss.fota_fw1)
    fota_fwlast                              0x20000e3c   Data           4  main.o(.bss.fota_fwlast)
    fota_idx                                 0x20000e40   Data           4  main.o(.bss.fota_idx)
    fotaerror                                0x20000e44   Data           1  main.o(.bss.fotaerror)
    fotasmscheck                             0x20000e45   Data           1  main.o(.bss.fotasmscheck)
    getnetwork                               0x20000e48   Data           4  main.o(.bss.getnetwork)
    has_configured                           0x20000e4c   Data           1  main.o(.bss.has_configured)
    hour_hrst                                0x20000e50   Data           4  main.o(.bss.hour_hrst)
    hour_srst                                0x20000e54   Data           4  main.o(.bss.hour_srst)
    hournow                                  0x20000e58   Data           4  main.o(.bss.hournow)
    idx_plus                                 0x20000e5c   Data           1  main.o(.bss.idx_plus)
    idx_smscontent                           0x20000e60   Data           4  main.o(.bss.idx_smscontent)
    max_counter_wait                         0x20000ed4   Data           1  main.o(.bss.max_counter_wait)
    min_hrst                                 0x20000ed8   Data           4  main.o(.bss.min_hrst)
    min_srst                                 0x20000edc   Data           4  main.o(.bss.min_srst)
    minnow                                   0x20000ee0   Data           4  main.o(.bss.minnow)
    mintotal_hrst                            0x20000ee4   Data           4  main.o(.bss.mintotal_hrst)
    mintotal_srst                            0x20000ee8   Data           4  main.o(.bss.mintotal_srst)
    modecfg                                  0x20000f50   Data           1  main.o(.bss.modecfg)
    network                                  0x20000f54   Data           4  main.o(.bss.network)
    numinwhitelist                           0x20000f58   Data           4  main.o(.bss.numinwhitelist)
    outage                                   0x20000f5c   Data           1  main.o(.bss.outage)
    outage_old                               0x20000f5d   Data           1  main.o(.bss.outage_old)
    passcode                                 0x20000f60   Data           8  main.o(.bss.passcode)
    passcode_saved                           0x20000f68   Data           8  main.o(.bss.passcode_saved)
    process_sms                              0x20000f78   Data           1  main.o(.bss.process_sms)
    ptrd                                     0x20000f7c   Data           4  main.o(.bss.ptrd)
    rebootcmd                                0x20000f94   Data           1  main.o(.bss.rebootcmd)
    secnow                                   0x20000f9c   Data           4  main.o(.bss.secnow)
    sim_flag_old                             0x20000fa1   Data           1  main.o(.bss.sim_flag_old)
    sim_flag_old1                            0x20000fa2   Data           1  main.o(.bss.sim_flag_old1)
    sim_flag_old2                            0x20000fa3   Data           1  main.o(.bss.sim_flag_old2)
    smsmsg                                   0x20000fa4   Data         255  main.o(.bss.smsmsg)
    smsmsg1                                  0x200010a4   Data         255  main.o(.bss.smsmsg1)
    smsmsg2                                  0x200011a4   Data         200  main.o(.bss.smsmsg2)
    smsmsg3                                  0x2000126c   Data         255  main.o(.bss.smsmsg3)
    smsnum                                   0x2000136c   Data          15  main.o(.bss.smsnum)
    smsnum1                                  0x2000137c   Data          15  main.o(.bss.smsnum1)
    socket_id                                0x2000138c   Data           4  main.o(.bss.socket_id)
    startday                                 0x20001390   Data           4  main.o(.bss.startday)
    startday_srst                            0x20001394   Data           4  main.o(.bss.startday_srst)
    starthour                                0x20001398   Data           4  main.o(.bss.starthour)
    starthour_srst                           0x2000139c   Data           4  main.o(.bss.starthour_srst)
    startmin                                 0x200013a0   Data           4  main.o(.bss.startmin)
    startmin_srst                            0x200013a4   Data           4  main.o(.bss.startmin_srst)
    tandapetik                               0x200013a8   Data           1  main.o(.bss.tandapetik)
    tempint                                  0x2000185c   Data           4  main.o(.bss.tempint)
    tempint2                                 0x20001860   Data           4  main.o(.bss.tempint2)
    tempint3                                 0x20001864   Data           4  main.o(.bss.tempint3)
    tick                                     0x20001868   Data           4  main.o(.bss.tick)
    timerGBlink                              0x2000186c   Data           4  main.o(.bss.timerGBlink)
    timerYellowBlink                         0x20001870   Data           4  main.o(.bss.timerYellowBlink)
    uart0_rxbuf_index                        0x200029a4   Data           4  main.o(.bss.uart0_rxbuf_index)
    uart1_index                              0x200029a8   Data           4  main.o(.bss.uart1_index)
    yellowOn                                 0x20003a58   Data           4  main.o(.bss.yellowOn)
    __initial_sp                             0x20003e60   Data           0  startup_gd32f30x_xd.o(STACK)



==============================================================================

Memory Map of the image

  Image Entry point : 0x08000131

  Load Region LR_IROM1 (Base: 0x08000000, Size: 0x0000b778, Max: 0x00080000, ABSOLUTE)

    Execution Region ER_IROM1 (Exec base: 0x08000000, Load base: 0x08000000, Size: 0x0000b6d8, Max: 0x00080000, ABSOLUTE)

    Exec Addr    Load Addr    Size         Type   Attr      Idx    E Section Name        Object

    0x08000000   0x08000000   0x00000130   Data   RO            3    RESET               startup_gd32f30x_xd.o
    0x08000130   0x08000130   0x00000000   Code   RO          951  * .ARM.Collect$$$$00000000  mc_w.l(entry.o)
    0x08000130   0x08000130   0x00000004   Code   RO         1231    .ARM.Collect$$$$00000001  mc_w.l(entry2.o)
    0x08000134   0x08000134   0x00000004   Code   RO         1234    .ARM.Collect$$$$00000004  mc_w.l(entry5.o)
    0x08000138   0x08000138   0x00000000   Code   RO         1236    .ARM.Collect$$$$00000008  mc_w.l(entry7b.o)
    0x08000138   0x08000138   0x00000000   Code   RO         1238    .ARM.Collect$$$$0000000A  mc_w.l(entry8b.o)
    0x08000138   0x08000138   0x00000008   Code   RO         1239    .ARM.Collect$$$$0000000B  mc_w.l(entry9a.o)
    0x08000140   0x08000140   0x00000000   Code   RO         1241    .ARM.Collect$$$$0000000D  mc_w.l(entry10a.o)
    0x08000140   0x08000140   0x00000000   Code   RO         1243    .ARM.Collect$$$$0000000F  mc_w.l(entry11a.o)
    0x08000140   0x08000140   0x00000004   Code   RO         1232    .ARM.Collect$$$$00002712  mc_w.l(entry2.o)
    0x08000144   0x08000144   0x00000024   Code   RO            4    .text               startup_gd32f30x_xd.o
    0x08000168   0x08000168   0x00000024   Code   RO          958    .text               mc_w.l(memcpya.o)
    0x0800018c   0x0800018c   0x00000024   Code   RO          960    .text               mc_w.l(memseta.o)
    0x080001b0   0x080001b0   0x0000000e   Code   RO          962    .text               mc_w.l(strlen.o)
    0x080001be   0x080001be   0x0000001c   Code   RO          964    .text               mc_w.l(strcmp.o)
    0x080001da   0x080001da   0x0000001e   Code   RO          966    .text               mc_w.l(strncmp.o)
    0x080001f8   0x080001f8   0x00000062   Code   RO         1257    .text               mc_w.l(uldiv.o)
    0x0800025a   0x0800025a   0x00000000   Code   RO         1259    .text               mc_w.l(iusefp.o)
    0x0800025a   0x0800025a   0x00000002   PAD
    0x0800025c   0x0800025c   0x00000024   Code   RO         1270    .text               mc_w.l(init.o)
    0x08000280   0x08000280   0x0000001e   Code   RO         1272    .text               mc_w.l(llshl.o)
    0x0800029e   0x0800029e   0x00000020   Code   RO         1274    .text               mc_w.l(llushr.o)
    0x080002be   0x080002be   0x00000002   PAD
    0x080002c0   0x080002c0   0x00000002   Code   RO          573    .text.BusFault_Handler  gd32f30x_it.o
    0x080002c2   0x080002c2   0x00000002   PAD
    0x080002c4   0x080002c4   0x00000002   Code   RO          579    .text.DebugMon_Handler  gd32f30x_it.o
    0x080002c6   0x080002c6   0x00000002   PAD
    0x080002c8   0x080002c8   0x00000002   Code   RO          569    .text.HardFault_Handler  gd32f30x_it.o
    0x080002ca   0x080002ca   0x00000002   PAD
    0x080002cc   0x080002cc   0x00000002   Code   RO          571    .text.MemManage_Handler  gd32f30x_it.o
    0x080002ce   0x080002ce   0x00000002   PAD
    0x080002d0   0x080002d0   0x00000002   Code   RO          567    .text.NMI_Handler   gd32f30x_it.o
    0x080002d2   0x080002d2   0x00000002   PAD
    0x080002d4   0x080002d4   0x00000002   Code   RO          581    .text.PendSV_Handler  gd32f30x_it.o
    0x080002d6   0x080002d6   0x00000002   PAD
    0x080002d8   0x080002d8   0x00000002   Code   RO          577    .text.SVC_Handler   gd32f30x_it.o
    0x080002da   0x080002da   0x00000002   PAD
    0x080002dc   0x080002dc   0x00000008   Code   RO          583    .text.SysTick_Handler  gd32f30x_it.o
    0x080002e4   0x080002e4   0x00000146   Code   RO           11    .text.SystemInit    system_gd32f30x.o
    0x0800042a   0x0800042a   0x00000002   PAD
    0x0800042c   0x0800042c   0x00000008   Code   RO          585    .text.USART0_IRQHandler  gd32f30x_it.o
    0x08000434   0x08000434   0x00000008   Code   RO          587    .text.USART1_IRQHandler  gd32f30x_it.o
    0x0800043c   0x0800043c   0x00000002   Code   RO          575    .text.UsageFault_Handler  gd32f30x_it.o
    0x0800043e   0x0800043e   0x00000002   PAD
    0x08000440   0x08000440   0x000011c0   Code   RO          740    .text.check_set_fmc  main.o
    0x08001600   0x08001600   0x00000f74   Code   RO          718    .text.check_set_fmc_byserial  main.o
    0x08002574   0x08002574   0x000001a0   Code   RO          738    .text.check_shrst_fmc  main.o
    0x08002714   0x08002714   0x00000090   Code   RO          630    .text.check_sms     main.o
    0x080027a4   0x080027a4   0x00000974   Code   RO          716    .text.config_byserial  main.o
    0x08003118   0x08003118   0x000000d8   Code   RO          694    .text.config_modem  main.o
    0x080031f0   0x080031f0   0x000002d0   Code   RO          656    .text.extractnum_clip  main.o
    0x080034c0   0x080034c0   0x00000f4c   Code   RO          644    .text.filter_cmt    main.o
    0x0800440c   0x0800440c   0x00000058   Code   RO          710    .text.fmc_backup    main.o
    0x08004464   0x08004464   0x00000064   Code   RO          700    .text.fmc_erase_pages  main.o
    0x080044c8   0x080044c8   0x00000056   Code   RO          708    .text.fmc_erase_pages_check  main.o
    0x0800451e   0x0800451e   0x00000002   PAD
    0x08004520   0x08004520   0x0000001e   Code   RO          497    .text.fmc_flag_clear  gd32f30x_fmc.o
    0x0800453e   0x0800453e   0x00000002   PAD
    0x08004540   0x08004540   0x0000002c   Code   RO          445    .text.fmc_lock      gd32f30x_fmc.o
    0x0800456c   0x0800456c   0x000001d8   Code   RO          451    .text.fmc_page_erase  gd32f30x_fmc.o
    0x08004744   0x08004744   0x00000090   Code   RO          702    .text.fmc_program2  main.o
    0x080047d4   0x080047d4   0x00000090   Code   RO          704    .text.fmc_program3  main.o
    0x08004864   0x08004864   0x00000050   Code   RO          439    .text.fmc_unlock    gd32f30x_fmc.o
    0x080048b4   0x080048b4   0x000001c0   Code   RO          463    .text.fmc_word_program  gd32f30x_fmc.o
    0x08004a74   0x08004a74   0x00000078   Code   RO          674    .text.fota_fmc_erase_1page  main.o
    0x08004aec   0x08004aec   0x00000016   Code   RO          598    .text.fputc         usart.o
    0x08004b02   0x08004b02   0x00000002   PAD
    0x08004b04   0x08004b04   0x00000004   Code   RO           32    .text.gpio_bit_reset  gd32f30x_gpio.o
    0x08004b08   0x08004b08   0x00000004   Code   RO           30    .text.gpio_bit_set  gd32f30x_gpio.o
    0x08004b0c   0x08004b0c   0x000000b6   Code   RO           28    .text.gpio_init     gd32f30x_gpio.o
    0x08004bc2   0x08004bc2   0x00000002   PAD
    0x08004bc4   0x08004bc4   0x0000000a   Code   RO           38    .text.gpio_input_bit_get  gd32f30x_gpio.o
    0x08004bce   0x08004bce   0x00000002   PAD
    0x08004bd0   0x08004bd0   0x00000e3c   Code   RO          802    .text.main          main.o
    0x08005a0c   0x08005a0c   0x00000390   Code   RO          648    .text.mfota_start   main.o
    0x08005d9c   0x08005d9c   0x000000a8   Code   RO           72    .text.nvic_irq_enable  gd32f30x_misc.o
    0x08005e44   0x08005e44   0x000003ae   Code   RO          680    .text.process_mfota  main.o
    0x080061f2   0x080061f2   0x00000002   PAD
    0x080061f4   0x080061f4   0x000000ec   Code   RO          276    .text.rcu_clock_freq_get  gd32f30x_rcu.o
    0x080062e0   0x080062e0   0x0000001e   Code   RO          204    .text.rcu_periph_clock_enable  gd32f30x_rcu.o
    0x080062fe   0x080062fe   0x00000002   PAD
    0x08006300   0x08006300   0x00000020   Code   RO          214    .text.rcu_periph_reset_disable  gd32f30x_rcu.o
    0x08006320   0x08006320   0x0000001e   Code   RO          212    .text.rcu_periph_reset_enable  gd32f30x_rcu.o
    0x0800633e   0x0800633e   0x00000002   PAD
    0x08006340   0x08006340   0x00000130   Code   RO          658    .text.reboot_by_calling  main.o
    0x08006470   0x08006470   0x000000c8   Code   RO          634    .text.send_sms      main.o
    0x08006538   0x08006538   0x000000ae   Code   RO          638    .text.send_sms_withsmsnum  main.o
    0x080065e6   0x080065e6   0x00000002   PAD
    0x080065e8   0x080065e8   0x000000bc   Code   RO          642    .text.send_smscmdmode  main.o
    0x080066a4   0x080066a4   0x00000198   Code   RO          744    .text.sim_flag1     main.o
    0x0800683c   0x0800683c   0x000002d8   Code   RO          756    .text.sim_flag14    main.o
    0x08006b14   0x08006b14   0x0000037c   Code   RO          746    .text.sim_flag2     main.o
    0x08006e90   0x08006e90   0x00000460   Code   RO          762    .text.sim_flag20    main.o
    0x080072f0   0x080072f0   0x00000118   Code   RO          764    .text.sim_flag21    main.o
    0x08007408   0x08007408   0x00000340   Code   RO          768    .text.sim_flag23    main.o
    0x08007748   0x08007748   0x000000ec   Code   RO          772    .text.sim_flag25    main.o
    0x08007834   0x08007834   0x000000fe   Code   RO          776    .text.sim_flag27    main.o
    0x08007932   0x08007932   0x00000002   PAD
    0x08007934   0x08007934   0x0000018c   Code   RO          778    .text.sim_flag28    main.o
    0x08007ac0   0x08007ac0   0x000004c0   Code   RO          748    .text.sim_flag3     main.o
    0x08007f80   0x08007f80   0x0000017e   Code   RO          784    .text.sim_flag31    main.o
    0x080080fe   0x080080fe   0x00000002   PAD
    0x08008100   0x08008100   0x000000e6   Code   RO          788    .text.sim_flag34    main.o
    0x080081e6   0x080081e6   0x00000002   PAD
    0x080081e8   0x080081e8   0x000002f4   Code   RO          750    .text.sim_flag4     main.o
    0x080084dc   0x080084dc   0x00000114   Code   RO          798    .text.sim_flag43    main.o
    0x080085f0   0x080085f0   0x0000052c   Code   RO          800    .text.sim_flag44    main.o
    0x08008b1c   0x08008b1c   0x000000e2   Code   RO          754    .text.sim_flag7     main.o
    0x08008bfe   0x08008bfe   0x00000002   PAD
    0x08008c00   0x08008c00   0x000002a0   Code   RO          632    .text.strcmp_smsmsg  main.o
    0x08008ea0   0x08008ea0   0x0000003e   Code   RO          618    .text.tiktok        main.o
    0x08008ede   0x08008ede   0x00000002   PAD
    0x08008ee0   0x08008ee0   0x0000007a   Code   RO          692    .text.timer1_config  main.o
    0x08008f5a   0x08008f5a   0x00000002   PAD
    0x08008f5c   0x08008f5c   0x0000000a   Code   RO          297    .text.timer_auto_reload_shadow_enable  gd32f30x_timer.o
    0x08008f66   0x08008f66   0x00000002   PAD
    0x08008f68   0x08008f68   0x00000206   Code   RO          369    .text.timer_channel_output_config  gd32f30x_timer.o
    0x0800916e   0x0800916e   0x00000002   PAD
    0x08009170   0x08009170   0x0000003a   Code   RO          371    .text.timer_channel_output_mode_config  gd32f30x_timer.o
    0x080091aa   0x080091aa   0x00000002   PAD
    0x080091ac   0x080091ac   0x0000000c   Code   RO          373    .text.timer_channel_output_pulse_value_config  gd32f30x_timer.o
    0x080091b8   0x080091b8   0x0000003a   Code   RO          375    .text.timer_channel_output_shadow_config  gd32f30x_timer.o
    0x080091f2   0x080091f2   0x00000002   PAD
    0x080091f4   0x080091f4   0x00000086   Code   RO          690    .text.timer_config  main.o
    0x0800927a   0x0800927a   0x00000002   PAD
    0x0800927c   0x0800927c   0x000000be   Code   RO          287    .text.timer_deinit  gd32f30x_timer.o
    0x0800933a   0x0800933a   0x00000002   PAD
    0x0800933c   0x0800933c   0x0000000a   Code   RO          293    .text.timer_enable  gd32f30x_timer.o
    0x08009346   0x08009346   0x00000002   PAD
    0x08009348   0x08009348   0x000000b4   Code   RO          291    .text.timer_init    gd32f30x_timer.o
    0x080093fc   0x080093fc   0x0000015a   Code   RO          391    .text.timer_input_capture_config  gd32f30x_timer.o
    0x08009556   0x08009556   0x00000002   PAD
    0x08009558   0x08009558   0x00000010   Code   RO          401    .text.timer_input_trigger_source_select  gd32f30x_timer.o
    0x08009568   0x08009568   0x00000008   Code   RO          327    .text.timer_interrupt_enable  gd32f30x_timer.o
    0x08009570   0x08009570   0x00000006   Code   RO          333    .text.timer_interrupt_flag_clear  gd32f30x_timer.o
    0x08009576   0x08009576   0x00000002   PAD
    0x08009578   0x08009578   0x00000012   Code   RO          361    .text.timer_primary_output_config  gd32f30x_timer.o
    0x0800958a   0x0800958a   0x00000002   PAD
    0x0800958c   0x0800958c   0x00000010   Code   RO          405    .text.timer_slave_mode_select  gd32f30x_timer.o
    0x0800959c   0x0800959c   0x00000010   Code   RO          289    .text.timer_struct_para_init  gd32f30x_timer.o
    0x080095ac   0x080095ac   0x000001b0   Code   RO          650    .text.uart0_handle  main.o
    0x0800975c   0x0800975c   0x00000076   Code   RO          596    .text.uart0_init    usart.o
    0x080097d2   0x080097d2   0x00000002   PAD
    0x080097d4   0x080097d4   0x000010a2   Code   RO          652    .text.uart1_handle  main.o
    0x0800a876   0x0800a876   0x00000002   PAD
    0x0800a878   0x0800a878   0x00000072   Code   RO          600    .text.uart1_init    usart.o
    0x0800a8ea   0x0800a8ea   0x00000002   PAD
    0x0800a8ec   0x0800a8ec   0x00000022   Code   RO          602    .text.uart1_send_string  usart.o
    0x0800a90e   0x0800a90e   0x00000002   PAD
    0x0800a910   0x0800a910   0x0000000c   Code   RO          606    .text.uart_init_live  usart.o
    0x0800a91c   0x0800a91c   0x0000006a   Code   RO           94    .text.usart_baudrate_set  gd32f30x_usart.o
    0x0800a986   0x0800a986   0x00000002   PAD
    0x0800a988   0x0800a988   0x00000008   Code   RO          124    .text.usart_data_receive  gd32f30x_usart.o
    0x0800a990   0x0800a990   0x00000010   Code   RO          120    .text.usart_data_transmit  gd32f30x_usart.o
    0x0800a9a0   0x0800a9a0   0x00000076   Code   RO           92    .text.usart_deinit  gd32f30x_usart.o
    0x0800aa16   0x0800aa16   0x00000002   PAD
    0x0800aa18   0x0800aa18   0x0000000a   Code   RO          102    .text.usart_enable  gd32f30x_usart.o
    0x0800aa22   0x0800aa22   0x00000002   PAD
    0x0800aa24   0x0800aa24   0x00000016   Code   RO          184    .text.usart_interrupt_enable  gd32f30x_usart.o
    0x0800aa3a   0x0800aa3a   0x00000002   PAD
    0x0800aa3c   0x0800aa3c   0x00000022   Code   RO          188    .text.usart_interrupt_flag_get  gd32f30x_usart.o
    0x0800aa5e   0x0800aa5e   0x00000002   PAD
    0x0800aa60   0x0800aa60   0x0000000c   Code   RO          108    .text.usart_receive_config  gd32f30x_usart.o
    0x0800aa6c   0x0800aa6c   0x0000000c   Code   RO          106    .text.usart_transmit_config  gd32f30x_usart.o
    0x0800aa78   0x0800aa78   0x00000038   Code   RO          660    .text.wdt_off       main.o
    0x0800aab0   0x0800aab0   0x00000020   Code   RO         1177    i.__0printf$8       mc_w.l(printf8.o)
    0x0800aad0   0x0800aad0   0x00000028   Code   RO         1179    i.__0sprintf$8      mc_w.l(printf8.o)
    0x0800aaf8   0x0800aaf8   0x00000070   Code   RO          945    i.__hardfp_floorf   m_wm.l(floorf.o)
    0x0800ab68   0x0800ab68   0x0000000e   Code   RO         1282    i.__scatterload_copy  mc_w.l(handlers.o)
    0x0800ab76   0x0800ab76   0x00000002   Code   RO         1283    i.__scatterload_null  mc_w.l(handlers.o)
    0x0800ab78   0x0800ab78   0x0000000e   Code   RO         1284    i.__scatterload_zeroinit  mc_w.l(handlers.o)
    0x0800ab86   0x0800ab86   0x00000002   PAD
    0x0800ab88   0x0800ab88   0x00000410   Code   RO         1184    i._printf_core      mc_w.l(printf8.o)
    0x0800af98   0x0800af98   0x00000024   Code   RO         1185    i._printf_post_padding  mc_w.l(printf8.o)
    0x0800afbc   0x0800afbc   0x0000002e   Code   RO         1186    i._printf_pre_padding  mc_w.l(printf8.o)
    0x0800afea   0x0800afea   0x0000000a   Code   RO         1188    i._sputc            mc_w.l(printf8.o)
    0x0800aff4   0x0800aff4   0x00000024   Code   RO          954    i.puts              mc_w.l(puts.o)
    0x0800b018   0x0800b018   0x00000008   Data   RO          278    .rodata.cst8        gd32f30x_rcu.o
    0x0800b020   0x0800b020   0x00000524   Data   RO          884    .rodata.str1.1      main.o
    0x0800b544   0x0800b544   0x00000174   Data   RO          893    .rodata.str1.4      main.o
    0x0800b6b8   0x0800b6b8   0x00000020   Data   RO         1281    Region$$Table       anon$$obj.o


    Execution Region RW_IRAM1 (Exec base: 0x20000000, Load base: 0x0800b6d8, Size: 0x00003e60, Max: 0x00010000, ABSOLUTE)

    Exec Addr    Load Addr    Size         Type   Attr      Idx    E Section Name        Object

    0x20000000   0x0800b6d8   0x00000004   Data   RW         1245    .data               mc_w.l(stdout.o)
    0x20000004   0x0800b6dc   0x00000004   Data   RW          843    .data.MAXBUFFER     main.o
    0x20000008   0x0800b6e0   0x0000000f   Data   RW          885    .data.MCU_SOFT_VERSION  main.o
    0x20000017   0x0800b6ef   0x00000001   PAD
    0x20000018   0x0800b6f0   0x00000004   Data   RW          817    .data.PageNum       main.o
    0x2000001c   0x0800b6f4   0x00000004   Data   RW           15    .data.SystemCoreClock  system_gd32f30x.o
    0x20000020   0x0800b6f8   0x00000004   Data   RW          818    .data.WordNum       main.o
    0x20000024   0x0800b6fc   0x00000004   Data   RW          819    .data.baudrateDefault  main.o
    0x20000028   0x0800b700   0x00000004   Data   RW          870    .data.cmp_caller    main.o
    0x2000002c   0x0800b704   0x0000000a   Data   RW          875    .data.cmp_msg0      main.o
    0x20000036   0x0800b70e   0x00000008   Data   RW          876    .data.cmp_msg1      main.o
    0x2000003e   0x0800b716   0x00000009   Data   RW          877    .data.cmp_msg2      main.o
    0x20000047   0x0800b71f   0x0000000b   Data   RW          878    .data.cmp_msg3      main.o
    0x20000052   0x0800b72a   0x0000000c   Data   RW          879    .data.cmp_msg4      main.o
    0x2000005e   0x0800b736   0x0000000a   Data   RW          880    .data.cmp_msg5      main.o
    0x20000068   0x0800b740   0x00000008   Data   RW          881    .data.cmp_msg7      main.o
    0x20000070   0x0800b748   0x00000009   Data   RW          882    .data.cmp_msg8      main.o
    0x20000079   0x0800b751   0x00000003   PAD
    0x2000007c   0x0800b754   0x00000004   Data   RW          871    .data.cmp_passcode  main.o
    0x20000080   0x0800b758   0x00000004   Data   RW          869    .data.cmp_smsmsg    main.o
    0x20000084   0x0800b75c   0x00000004   Data   RW          815    .data.data1         main.o
    0x20000088   0x0800b760   0x00000004   Data   RW          844    .data.enablehrst_default  main.o
    0x2000008c   0x0800b764   0x00000004   Data   RW          845    .data.enablesrst_default  main.o
    0x20000090   0x0800b768   0x00000004   Data   RW          813    .data.fota_write_end_addr  main.o
    0x20000094   0x0800b76c   0x00000004   Data   RW          812    .data.fota_write_start_addr  main.o
    0x20000098   0x0800b770   0x00000004   Data   RW          847    .data.tick_max      main.o
    0x2000009c   0x0800b774   0x00000004   PAD
    0x200000a0        -       0x0000000f   Zero   RW          899    .bss.APN            main.o
    0x200000af   0x0800b774   0x00000001   PAD
    0x200000b0        -       0x00000004   Zero   RW          913    .bss.FotaPageNum    main.o
    0x200000b4        -       0x00000004   Zero   RW          873    .bss.JumpAddress    main.o
    0x200000b8        -       0x00000004   Zero   RW          874    .bss.Jump_To_Application  main.o
    0x200000bc        -       0x00000004   Zero   RW          905    .bss.LEDBStatus     main.o
    0x200000c0        -       0x00000004   Zero   RW          923    .bss.LEDGStatus     main.o
    0x200000c4        -       0x00000005   Zero   RW          900    .bss.PORT           main.o
    0x200000c9        -       0x00000001   Zero   RW          826    .bss.TESTMODE       main.o
    0x200000ca   0x0800b774   0x00000002   PAD
    0x200000cc        -       0x00000004   Zero   RW          814    .bss.address        main.o
    0x200000d0        -       0x00000004   Zero   RW          848    .bss.afterreset     main.o
    0x200000d4        -       0x00000001   Zero   RW          816    .bss.autoreboot     main.o
    0x200000d5   0x0800b774   0x00000003   PAD
    0x200000d8        -       0x00000004   Zero   RW          922    .bss.baud0          main.o
    0x200000dc        -       0x0000000f   Zero   RW          862    .bss.callernum      main.o
    0x200000eb   0x0800b774   0x00000001   PAD
    0x200000ec        -       0x00000004   Zero   RW          872    .bss.callingcnt     main.o
    0x200000f0        -       0x00000004   Zero   RW          856    .bss.checksocket    main.o
    0x200000f4        -       0x00000004   Zero   RW          886    .bss.cmp_config     main.o
    0x200000f8        -       0x00000004   Zero   RW          855    .bss.cmpnum         main.o
    0x200000fc        -       0x00000004   Zero   RW          849    .bss.cntSimflag0    main.o
    0x20000100        -       0x00000004   Zero   RW          933    .bss.cnt_data_meter  main.o
    0x20000104        -       0x00000004   Zero   RW          908    .bss.cntcclk        main.o
    0x20000108        -       0x00000004   Zero   RW          934    .bss.cntcclkerr     main.o
    0x2000010c        -       0x00000001   Zero   RW          859    .bss.cntmipcall     main.o
    0x2000010d   0x0800b774   0x00000003   PAD
    0x20000110        -       0x00000004   Zero   RW          820    .bss.counter_wait_mtr  main.o
    0x20000114        -       0x00000004   Zero   RW          907    .bss.counter_wait_sim  main.o
    0x20000118        -       0x00000004   Zero   RW          837    .bss.day_hrst       main.o
    0x2000011c        -       0x00000004   Zero   RW          928    .bss.daynow         main.o
    0x20000120        -       0x00000004   Zero   RW          835    .bss.enablehrst     main.o
    0x20000124        -       0x00000004   Zero   RW          834    .bss.enablesrst     main.o
    0x20000128        -       0x00000014   Zero   RW          918    .bss.fileftp        main.o
    0x2000013c        -       0x00000100   Zero   RW          896    .bss.fmc_buf        main.o
    0x2000023c        -       0x00000400   Zero   RW          807    .bss.fmc_data_backup  main.o
    0x2000063c        -       0x00000800   Zero   RW          810    .bss.fota_fw1       main.o
    0x20000e3c        -       0x00000004   Zero   RW          811    .bss.fota_fwlast    main.o
    0x20000e40        -       0x00000004   Zero   RW          809    .bss.fota_idx       main.o
    0x20000e44        -       0x00000001   Zero   RW          825    .bss.fotaerror      main.o
    0x20000e45        -       0x00000001   Zero   RW          827    .bss.fotasmscheck   main.o
    0x20000e46   0x0800b774   0x00000002   PAD
    0x20000e48        -       0x00000004   Zero   RW          833    .bss.getnetwork     main.o
    0x20000e4c        -       0x00000001   Zero   RW          858    .bss.has_configured  main.o
    0x20000e4d   0x0800b774   0x00000003   PAD
    0x20000e50        -       0x00000004   Zero   RW          841    .bss.hour_hrst      main.o
    0x20000e54        -       0x00000004   Zero   RW          836    .bss.hour_srst      main.o
    0x20000e58        -       0x00000004   Zero   RW          924    .bss.hournow        main.o
    0x20000e5c        -       0x00000001   Zero   RW          822    .bss.idx_plus       main.o
    0x20000e5d   0x0800b774   0x00000003   PAD
    0x20000e60        -       0x00000004   Zero   RW          883    .bss.idx_smscontent  main.o
    0x20000e64        -       0x00000032   Zero   RW          915    .bss.ipftp          main.o
    0x20000e96   0x0800b774   0x00000002   PAD
    0x20000e98        -       0x00000032   Zero   RW          920    .bss.ippush         main.o
    0x20000eca   0x0800b774   0x00000002   PAD
    0x20000ecc        -       0x00000004   Zero   RW          912    .bss.len_meter_buf  main.o
    0x20000ed0        -       0x00000004   Zero   RW          911    .bss.len_rxmeter    main.o
    0x20000ed4        -       0x00000001   Zero   RW          936    .bss.max_counter_wait  main.o
    0x20000ed5   0x0800b774   0x00000003   PAD
    0x20000ed8        -       0x00000004   Zero   RW          842    .bss.min_hrst       main.o
    0x20000edc        -       0x00000004   Zero   RW          838    .bss.min_srst       main.o
    0x20000ee0        -       0x00000004   Zero   RW          926    .bss.minnow         main.o
    0x20000ee4        -       0x00000004   Zero   RW          840    .bss.mintotal_hrst  main.o
    0x20000ee8        -       0x00000004   Zero   RW          839    .bss.mintotal_srst  main.o
    0x20000eec        -       0x00000064   Zero   RW          898    .bss.mipcall        main.o
    0x20000f50        -       0x00000001   Zero   RW          828    .bss.modecfg        main.o
    0x20000f51   0x0800b774   0x00000003   PAD
    0x20000f54        -       0x00000004   Zero   RW          904    .bss.network        main.o
    0x20000f58        -       0x00000004   Zero   RW          888    .bss.numinwhitelist  main.o
    0x20000f5c        -       0x00000001   Zero   RW          823    .bss.outage         main.o
    0x20000f5d        -       0x00000001   Zero   RW          824    .bss.outage_old     main.o
    0x20000f5e   0x0800b774   0x00000002   PAD
    0x20000f60        -       0x00000008   Zero   RW          863    .bss.passcode       main.o
    0x20000f68        -       0x00000008   Zero   RW          864    .bss.passcode_saved  main.o
    0x20000f70        -       0x00000008   Zero   RW          921    .bss.portpush       main.o
    0x20000f78        -       0x00000001   Zero   RW          895    .bss.process_sms    main.o
    0x20000f79   0x0800b774   0x00000003   PAD
    0x20000f7c        -       0x00000004   Zero   RW          914    .bss.ptrd           main.o
    0x20000f80        -       0x00000014   Zero   RW          917    .bss.pwdftp         main.o
    0x20000f94        -       0x00000001   Zero   RW          829    .bss.rebootcmd      main.o
    0x20000f95   0x0800b774   0x00000003   PAD
    0x20000f98        -       0x00000004   Zero   RW          906    .bss.rx_cnt         main.o
    0x20000f9c        -       0x00000004   Zero   RW          935    .bss.secnow         main.o
    0x20000fa0        -       0x00000001   Zero   RW          887    .bss.sim_flag       main.o
    0x20000fa1        -       0x00000001   Zero   RW          850    .bss.sim_flag_old   main.o
    0x20000fa2        -       0x00000001   Zero   RW          851    .bss.sim_flag_old1  main.o
    0x20000fa3        -       0x00000001   Zero   RW          852    .bss.sim_flag_old2  main.o
    0x20000fa4        -       0x000000ff   Zero   RW          865    .bss.smsmsg         main.o
    0x200010a3   0x0800b774   0x00000001   PAD
    0x200010a4        -       0x000000ff   Zero   RW          866    .bss.smsmsg1        main.o
    0x200011a3   0x0800b774   0x00000001   PAD
    0x200011a4        -       0x000000c8   Zero   RW          867    .bss.smsmsg2        main.o
    0x2000126c        -       0x000000ff   Zero   RW          868    .bss.smsmsg3        main.o
    0x2000136b   0x0800b774   0x00000001   PAD
    0x2000136c        -       0x0000000f   Zero   RW          860    .bss.smsnum         main.o
    0x2000137b   0x0800b774   0x00000001   PAD
    0x2000137c        -       0x0000000f   Zero   RW          861    .bss.smsnum1        main.o
    0x2000138b   0x0800b774   0x00000001   PAD
    0x2000138c        -       0x00000004   Zero   RW          854    .bss.socket_id      main.o
    0x20001390        -       0x00000004   Zero   RW          929    .bss.startday       main.o
    0x20001394        -       0x00000004   Zero   RW          932    .bss.startday_srst  main.o
    0x20001398        -       0x00000004   Zero   RW          930    .bss.starthour      main.o
    0x2000139c        -       0x00000004   Zero   RW          925    .bss.starthour_srst  main.o
    0x200013a0        -       0x00000004   Zero   RW          931    .bss.startmin       main.o
    0x200013a4        -       0x00000004   Zero   RW          927    .bss.startmin_srst  main.o
    0x200013a8        -       0x00000001   Zero   RW          894    .bss.tandapetik     main.o
    0x200013a9   0x0800b774   0x00000003   PAD
    0x200013ac        -       0x000004b0   Zero   RW          901    .bss.temp_global    main.o
    0x2000185c        -       0x00000004   Zero   RW          897    .bss.tempint        main.o
    0x20001860        -       0x00000004   Zero   RW          909    .bss.tempint2       main.o
    0x20001864        -       0x00000004   Zero   RW          919    .bss.tempint3       main.o
    0x20001868        -       0x00000004   Zero   RW          846    .bss.tick           main.o
    0x2000186c        -       0x00000004   Zero   RW          832    .bss.timerGBlink    main.o
    0x20001870        -       0x00000004   Zero   RW          830    .bss.timerYellowBlink  main.o
    0x20001874        -       0x00000898   Zero   RW          902    .bss.uart0_rxbuf    main.o
    0x2000210c        -       0x00000898   Zero   RW          903    .bss.uart0_rxbuf1   main.o
    0x200029a4        -       0x00000004   Zero   RW          857    .bss.uart0_rxbuf_index  main.o
    0x200029a8        -       0x00000004   Zero   RW          853    .bss.uart1_index    main.o
    0x200029ac        -       0x00000834   Zero   RW          892    .bss.uart1_rxbuf    main.o
    0x200031e0        -       0x00000834   Zero   RW          910    .bss.uart1_tx       main.o
    0x20003a14        -       0x00000014   Zero   RW          916    .bss.userftp        main.o
    0x20003a28        -       0x0000000f   Zero   RW          891    .bss.white_list1    main.o
    0x20003a37   0x0800b774   0x00000001   PAD
    0x20003a38        -       0x0000000f   Zero   RW          889    .bss.white_list2    main.o
    0x20003a47   0x0800b774   0x00000001   PAD
    0x20003a48        -       0x0000000f   Zero   RW          890    .bss.white_list3    main.o
    0x20003a57   0x0800b774   0x00000001   PAD
    0x20003a58        -       0x00000004   Zero   RW          831    .bss.yellowOn       main.o
    0x20003a5c   0x0800b774   0x00000004   PAD
    0x20003a60        -       0x00000400   Zero   RW            1    STACK               startup_gd32f30x_xd.o


==============================================================================

Image component sizes


      Code (inc. data)   RO Data    RW Data    ZI Data      Debug   Object Name

      1074          0          0          0          0      25492   gd32f30x_fmc.o
       200          0          0          0          0       5836   gd32f30x_gpio.o
        40          0          0          0          0       1188   gd32f30x_it.o
       168          0          0          0          0       3481   gd32f30x_misc.o
       328         20          8          0          0      14008   gd32f30x_rcu.o
      1462         20          0          0          0      20321   gd32f30x_timer.o
       338          0          0          0          0      11988   gd32f30x_usart.o
     38670       2052       1688        144      14733     105382   main.o
        36          8        304          0       1024        912   startup_gd32f30x_xd.o
       326          0          0          4          0       2573   system_gd32f30x.o
       300          0          0          0          0       4466   usart.o

    ----------------------------------------------------------------------
     43028       2100       2032        152      15812     195647   Object Totals
         0          0         32          0          0          0   (incl. Generated)
        86          0          0          4         55          0   (incl. Padding)

    ----------------------------------------------------------------------

      Code (inc. data)   RO Data    RW Data    ZI Data      Debug   Library Member Name

       112         14          0          0          0        116   floorf.o
         0          0          0          0          0          0   entry.o
         0          0          0          0          0          0   entry10a.o
         0          0          0          0          0          0   entry11a.o
         8          4          0          0          0          0   entry2.o
         4          0          0          0          0          0   entry5.o
         0          0          0          0          0          0   entry7b.o
         0          0          0          0          0          0   entry8b.o
         8          4          0          0          0          0   entry9a.o
        30          0          0          0          0          0   handlers.o
        36          8          0          0          0         68   init.o
         0          0          0          0          0          0   iusefp.o
        30          0          0          0          0         68   llshl.o
        32          0          0          0          0         68   llushr.o
        36          0          0          0          0         68   memcpya.o
        36          0          0          0          0        108   memseta.o
      1204         60          0          0          0        504   printf8.o
        36          6          0          0          0         80   puts.o
         0          0          0          4          0          0   stdout.o
        28          0          0          0          0         76   strcmp.o
        14          0          0          0          0         68   strlen.o
        30          0          0          0          0         80   strncmp.o
        98          0          0          0          0         92   uldiv.o

    ----------------------------------------------------------------------
      1748         96          0          4          0       1396   Library Totals
         6          0          0          0          0          0   (incl. Padding)

    ----------------------------------------------------------------------

      Code (inc. data)   RO Data    RW Data    ZI Data      Debug   Library Name

       112         14          0          0          0        116   m_wm.l
      1630         82          0          4          0       1280   mc_w.l

    ----------------------------------------------------------------------
      1748         96          0          4          0       1396   Library Totals

    ----------------------------------------------------------------------

==============================================================================


      Code (inc. data)   RO Data    RW Data    ZI Data      Debug   

     44776       2196       2032        156      15812     196443   Grand Totals
     44776       2196       2032        156      15812     196443   ELF Image Totals
     44776       2196       2032        156          0          0   ROM Totals

==============================================================================

    Total RO  Size (Code + RO Data)                46808 (  45.71kB)
    Total RW  Size (RW Data + ZI Data)             15968 (  15.59kB)
    Total ROM Size (Code + RO Data + RW Data)      46964 (  45.86kB)

==============================================================================

