<html>
<body>
<pre>
<h1>µVision Build Log</h1>
<h2>Tool Versions:</h2>
IDE-Version: µVision V5.37.0.0
Copyright (C) 2022 ARM Ltd and ARM Germany GmbH. All rights reserved.
License Information: Ikhwannul Kholis, Flexisolve, LIC=03C6R-KQ0YS-455T5-G73CH-37TG1-7CRPB
 
Tool Versions:
Toolchain:       MDK-ARM Plus  Version: 5.37.0.0
Toolchain Path:  C:\Keil_v5\ARM\ARMCLANG\Bin
C Compiler:      ArmClang.exe V6.18
Assembler:       Armasm.exe V6.18
Linker/Locator:  ArmLink.exe V6.18
Library Manager: ArmAr.exe V6.18
Hex Converter:   FromElf.exe V6.18
CPU DLL:         SARMCM3.DLL V5.37.0.0
Dialog DLL:      DCM.DLL V1.17.5.0
Target DLL:      STLink\ST-LINKIII-KEIL_SWO.dll V3.0.9.0
Dialog DLL:      TCM.DLL V1.56.1.0
 
<h2>Project:</h2>
C:\Data\mine\iconplus\SM EDMI Dev\MCU_L716P_mdAV12E2_FW38D\mcu_l716p.uvprojx
Project File Date:  11/08/2024

<h2>Output:</h2>
*** Using Compiler 'V6.18', folder: 'C:\Keil_v5\ARM\ARMCLANG\Bin'
Build target 'Target 1'
assembling startup_gd32f30x_xd.s...
compiling gd32f30x_misc.c...
compiling system_gd32f30x.c...
compiling gd32f30x_gpio.c...
compiling gd32f30x_usart.c...
compiling gd32f30x_rcu.c...
compiling gd32f30x_timer.c...
compiling gd32f30x_fwdgt.c...
compiling gd32f30x_exti.c...
compiling gd32f30x_it.c...
compiling gd32f30x_fmc.c...
compiling usart.c...
compiling main.c...
linking...
Program Size: Code=44776 RO-data=2032 RW-data=156 ZI-data=15812  
FromELF: creating hex file...
".\output\mcu_l716p.axf" - 0 Error(s), 0 Warning(s).

<h2>Software Packages used:</h2>

Package Vendor: GigaDevice
                http://gd32mcu.com/data/documents/pack/GigaDevice.GD32F30x_DFP.2.2.0.pack
                GigaDevice.GD32F30x_DFP.2.2.0
                GigaDevice GD32F30x Series Device Support and Examples

<h2>Collection of Component include folders:</h2>
  C:/Users/Thinkpad E14 G2/AppData/Local/Arm/Packs/GigaDevice/GD32F30x_DFP/2.2.0/Device/Include

<h2>Collection of Component Files used:</h2>
Build Time Elapsed:  00:00:03
</pre>
</body>
</html>
